******************************************************************************
                  MSP430 Linker PC v16.9.1                     
******************************************************************************
>> Linked Sat Jun 03 07:30:02 2017

OUTPUT FILE NAME:   <i2cLCDdisplay.out>
ENTRY POINT SYMBOL: "_c_int00_noargs_noexit"  address: 0000d1be


MEMORY CONFIGURATION

         name            origin    length      used     unused   attr    fill
----------------------  --------  ---------  --------  --------  ----  --------
  SFR                   00000000   00000010  00000000  00000010  RWIX
  PERIPHERALS_8BIT      00000010   000000f0  00000000  000000f0  RWIX
  PERIPHERALS_16BIT     00000100   00000100  00000000  00000100  RWIX
  RAM                   00000200   00000200  00000096  0000016a  RWIX
  INFOD                 00001000   00000040  00000000  00000040  RWIX
  INFOC                 00001040   00000040  00000000  00000040  RWIX
  INFOB                 00001080   00000040  00000000  00000040  RWIX
  INFOA                 000010c0   00000040  00000000  00000040  RWIX
  FLASH                 0000c000   00003fde  00001494  00002b4a  RWIX
  BSLSIGNATURE          0000ffde   00000002  00000002  00000000  RWIX  ffff 
  INT00                 0000ffe0   00000002  00000002  00000000  RWIX
  INT01                 0000ffe2   00000002  00000000  00000002  RWIX
  INT02                 0000ffe4   00000002  00000002  00000000  RWIX
  INT03                 0000ffe6   00000002  00000002  00000000  RWIX
  INT04                 0000ffe8   00000002  00000000  00000002  RWIX
  INT05                 0000ffea   00000002  00000002  00000000  RWIX
  INT06                 0000ffec   00000002  00000002  00000000  RWIX
  INT07                 0000ffee   00000002  00000002  00000000  RWIX
  INT08                 0000fff0   00000002  00000002  00000000  RWIX
  INT09                 0000fff2   00000002  00000002  00000000  RWIX
  INT10                 0000fff4   00000002  00000002  00000000  RWIX
  INT11                 0000fff6   00000002  00000000  00000002  RWIX
  INT12                 0000fff8   00000002  00000002  00000000  RWIX
  INT13                 0000fffa   00000002  00000002  00000000  RWIX
  INT14                 0000fffc   00000002  00000002  00000000  RWIX
  RESET                 0000fffe   00000002  00000002  00000000  RWIX


SECTION ALLOCATION MAP

 output                                  attributes/
section   page    origin      length       input sections
--------  ----  ----------  ----------   ----------------
.data      0    00000200    0000003c     UNINITIALIZED
                  00000200    0000002a     main.obj (.data)
                  0000022a    00000006     main.obj (.data:apin)
                  00000230    00000006     main.obj (.data:epin)
                  00000236    00000006     main.obj (.data:pin)

.bss       0    0000023c    0000000a     UNINITIALIZED
                  0000023c    00000002     (.common:Flash_ptr)
                  0000023e    00000002     (.common:Flash_ptrC)
                  00000240    00000002     (.common:b)
                  00000242    00000002     (.common:i)
                  00000244    00000002     (.common:txc)

.stack     0    000003b0    00000050     UNINITIALIZED
                  000003b0    00000002     rts430_eabi.lib : boot.obj (.stack)
                  000003b2    0000004e     --HOLE--

.text      0    0000c000    000012dc     
                  0000c000    00000292     main.obj (.text:detect_key)
                  0000c292    0000020e     main.obj (.text:main)
                  0000c4a0    000001bc     main.obj (.text:change_pwd)
                  0000c65c    00000108     main.obj (.text:unlock_door)
                  0000c764    000000e2     main.obj (.text:lock_door)
                  0000c846    000000d6     main.obj (.text:erase_flash)
                  0000c91c    000000c2     main.obj (.text:print_key)
                  0000c9de    0000007c     rts430_eabi.lib : copy_decompress_lzss.obj (.text:decompress:lzss:__TI_decompress_lzss)
                  0000ca5a    0000007a     main.obj (.text:lock)
                  0000cad4    0000007a     main.obj (.text:unlock)
                  0000cb4e    0000007a     main.obj (.text:write_flash)
                  0000cbc8    0000006e     rts430_eabi.lib : autoinit.obj (.text:_auto_init)
                  0000cc36    0000006c     main.obj (.text:confirm_pin)
                  0000cca2    0000006c     main.obj (.text:password)
                  0000cd0e    0000006c     main.obj (.text:port1)
                  0000cd7a    00000066     main.obj (.text:pin_enter)
                  0000cde0    0000005a     rts430_eabi.lib : cpy_tbl.obj (.text:copy_in)
                  0000ce3a    00000056     main.obj (.text:key_cmd)
                  0000ce90    0000004c     rts430_eabi.lib : lsr16.obj (.text)
                  0000cedc    00000046     main.obj (.text:lcd_data)
                  0000cf22    00000042     main.obj (.text:right_tone)
                  0000cf64    0000003e     main.obj (.text:lcd_cmd)
                  0000cfa2    0000003c     main.obj (.text:lcd_init)
                  0000cfde    00000032     main.obj (.text:read_flash)
                  0000d010    00000032     main.obj (.text:wrong_tone)
                  0000d042    00000030     main.obj (.text:i2c_init)
                  0000d072    0000002e     main.obj (.text:delay)
                  0000d0a0    0000002c     main.obj (.text:keypad)
                  0000d0cc    0000002c     rts430_eabi.lib : lsl16.obj (.text)
                  0000d0f8    00000028     main.obj (.text:backspace)
                  0000d120    00000028     main.obj (.text:send_datama)
                  0000d148    00000022     main.obj (.text:send_datam)
                  0000d16a    0000001c     main.obj (.text:USCIAB0TX_ISR)
                  0000d186    0000001c     main.obj (.text:lcd_string)
                  0000d1a2    0000001c     main.obj (.text:pwd_set)
                  0000d1be    0000001a     rts430_eabi.lib : boot_special.obj (.text:_c_int00_noargs_noexit)
                  0000d1d8    00000016     main.obj (.text:send_data)
                  0000d1ee    00000014     main.obj (.text:beep)
                  0000d202    00000014     main.obj (.text:data_write)
                  0000d216    00000014     rts430_eabi.lib : copy_zero_init.obj (.text:decompress:ZI:__TI_zero_init)
                  0000d22a    00000014     main.obj (.text:feedback_init)
                  0000d23e    00000014     main.obj (.text:flash_init)
                  0000d252    00000014     rts430_eabi.lib : mult16.obj (.text)
                  0000d266    00000012                     : copy_decompress_none.obj (.text:decompress:none:__TI_decompress_none)
                  0000d278    00000012                     : memcpy.obj (.text:memcpy)
                  0000d28a    00000010                     : epilog.obj (.text)
                  0000d29a    0000000e     main.obj (.text:buzzer_init)
                  0000d2a8    00000008     rts430_eabi.lib : isr_trap.obj (.text:_isr:__TI_ISR_TRAP)
                  0000d2b0    00000008     main.obj (.text:i2c_start)
                  0000d2b8    00000008     main.obj (.text:i2c_stop_chk)
                  0000d2c0    00000008     main.obj (.text:key_init)
                  0000d2c8    00000008     main.obj (.text:lcd_serial)
                  0000d2d0    00000006     rts430_eabi.lib : exit.obj (.text:abort)
                  0000d2d6    00000004                     : pre_init.obj (.text:_system_pre_init)
                  0000d2da    00000002                     : startup.obj (.text:_system_post_cinit)

.binit     0    0000c000    00000000     

.const     0    0000d2dc    0000018e     
                  0000d2dc    0000018e     main.obj (.const:.string)

.cinit     0    0000d46a    0000002a     
                  0000d46a    00000018     (.cinit..data.load) [load image, compression = lzss]
                  0000d482    00000006     (__TI_handler_table)
                  0000d488    00000004     (.cinit..bss.load) [load image, compression = zero_init]
                  0000d48c    00000008     (__TI_cinit_table)

.init_array 
*          0    0000c000    00000000     UNINITIALIZED

TRAPINT    0    0000ffe0    00000002     
                  0000ffe0    00000002     rts430_eabi.lib : int00.obj (.int00)

PORT1      0    0000ffe4    00000002     
                  0000ffe4    00000002     main.obj (.int02)

PORT2      0    0000ffe6    00000002     
                  0000ffe6    00000002     rts430_eabi.lib : int03.obj (.int03)

$fill000   0    0000ffde    00000002     
                  0000ffde    00000002     --HOLE-- [fill = ffff]

ADC10      0    0000ffea    00000002     
                  0000ffea    00000002     rts430_eabi.lib : int05.obj (.int05)

USCIAB0TX 
*          0    0000ffec    00000002     
                  0000ffec    00000002     main.obj (.int06)

USCIAB0RX 
*          0    0000ffee    00000002     
                  0000ffee    00000002     rts430_eabi.lib : int07.obj (.int07)

TIMER0_A1 
*          0    0000fff0    00000002     
                  0000fff0    00000002     rts430_eabi.lib : int08.obj (.int08)

TIMER0_A0 
*          0    0000fff2    00000002     
                  0000fff2    00000002     rts430_eabi.lib : int09.obj (.int09)

WDT        0    0000fff4    00000002     
                  0000fff4    00000002     rts430_eabi.lib : int10.obj (.int10)

TIMER1_A1 
*          0    0000fff8    00000002     
                  0000fff8    00000002     rts430_eabi.lib : int12.obj (.int12)

TIMER1_A0 
*          0    0000fffa    00000002     
                  0000fffa    00000002     rts430_eabi.lib : int13.obj (.int13)

NMI        0    0000fffc    00000002     
                  0000fffc    00000002     rts430_eabi.lib : int14.obj (.int14)

.reset     0    0000fffe    00000002     
                  0000fffe    00000002     rts430_eabi.lib : boot.obj (.reset)

MODULE SUMMARY

       Module                     code   ro data   rw data
       ------                     ----   -------   -------
    .\
       main.obj                   4246   402       70     
    +--+--------------------------+------+---------+---------+
       Total:                     4246   402       70     
                                                          
    C:\ti\ccsv7\tools\compiler\ti-cgt-msp430_16.9.1.LTS\lib\rts430_eabi.lib
       copy_decompress_lzss.obj   124    0         0      
       autoinit.obj               110    0         0      
       cpy_tbl.obj                90     0         0      
       lsr16.obj                  76     0         0      
       lsl16.obj                  44     0         0      
       boot_special.obj           26     0         0      
       copy_zero_init.obj         20     0         0      
       mult16.obj                 20     0         0      
       copy_decompress_none.obj   18     0         0      
       memcpy.obj                 18     0         0      
       epilog.obj                 16     0         0      
       isr_trap.obj               8      0         0      
       exit.obj                   6      0         0      
       pre_init.obj               4      0         0      
       boot.obj                   0      2         0      
       int00.obj                  0      2         0      
       int03.obj                  0      2         0      
       int05.obj                  0      2         0      
       int07.obj                  0      2         0      
       int08.obj                  0      2         0      
       int09.obj                  0      2         0      
       int10.obj                  0      2         0      
       int12.obj                  0      2         0      
       int13.obj                  0      2         0      
       int14.obj                  0      2         0      
       startup.obj                2      0         0      
    +--+--------------------------+------+---------+---------+
       Total:                     582    22        0      
                                                          
       Stack:                     0      0         80     
       Linker Generated:          0      42        0      
    +--+--------------------------+------+---------+---------+
       Grand Total:               4828   466       150    


LINKER GENERATED COPY TABLES

__TI_cinit_table @ 0000d48c records: 2, size/record: 4, table size: 8
	.data: load addr=0000d46a, load size=00000018 bytes, run addr=00000200, run size=0000003c bytes, compression=lzss
	.bss: load addr=0000d488, load size=00000004 bytes, run addr=0000023c, run size=0000000a bytes, compression=zero_init


LINKER GENERATED HANDLER TABLE

__TI_handler_table @ 0000d482 records: 3, size/record: 2, table size: 6
	index: 0, handler: __TI_zero_init
	index: 1, handler: __TI_decompress_lzss
	index: 2, handler: __TI_decompress_none


GLOBAL SYMBOLS: SORTED ALPHABETICALLY BY Name 

address   name                    
-------   ----                    
0000004a  ADC10AE0                
000001b0  ADC10CTL0               
000001b2  ADC10CTL1               
00000048  ADC10DTC0               
00000049  ADC10DTC1               
000001b4  ADC10MEM                
000001bc  ADC10SA                 
00000057  BCSCTL1                 
00000058  BCSCTL2                 
00000053  BCSCTL3                 
0000d2d0  C$$EXIT                 
000010fb  CALBC1_12MHZ            
000010f9  CALBC1_16MHZ            
000010ff  CALBC1_1MHZ             
000010fd  CALBC1_8MHZ             
000010fa  CALDCO_12MHZ            
000010f8  CALDCO_16MHZ            
000010fe  CALDCO_1MHZ             
000010fc  CALDCO_8MHZ             
00000056  DCOCTL                  
00000128  FCTL1                   
0000012a  FCTL2                   
0000012c  FCTL3                   
0000023c  Flash_ptr               
0000023e  Flash_ptrC              
00000000  IE1                     
00000001  IE2                     
00000002  IFG1                    
00000003  IFG2                    
00000022  P1DIR                   
00000025  P1IE                    
00000024  P1IES                   
00000023  P1IFG                   
00000020  P1IN                    
00000021  P1OUT                   
00000027  P1REN                   
00000026  P1SEL                   
00000041  P1SEL2                  
0000002a  P2DIR                   
0000002d  P2IE                    
0000002c  P2IES                   
0000002b  P2IFG                   
00000028  P2IN                    
00000029  P2OUT                   
0000002f  P2REN                   
0000002e  P2SEL                   
00000042  P2SEL2                  
0000001a  P3DIR                   
00000018  P3IN                    
00000019  P3OUT                   
00000010  P3REN                   
0000001b  P3SEL                   
00000043  P3SEL2                  
00000172  TA0CCR0                 
00000174  TA0CCR1                 
00000176  TA0CCR2                 
00000162  TA0CCTL0                
00000164  TA0CCTL1                
00000166  TA0CCTL2                
00000160  TA0CTL                  
0000012e  TA0IV                   
00000170  TA0R                    
00000192  TA1CCR0                 
00000194  TA1CCR1                 
00000196  TA1CCR2                 
00000182  TA1CCTL0                
00000184  TA1CCTL1                
00000186  TA1CCTL2                
00000180  TA1CTL                  
0000011e  TA1IV                   
00000190  TA1R                    
000010db  TLV_ADC10_1_LEN         
000010da  TLV_ADC10_1_TAG         
000010c0  TLV_CHECKSUM            
000010f7  TLV_DCO_30_LEN          
000010f6  TLV_DCO_30_TAG          
0000005d  UCA0ABCTL               
00000062  UCA0BR0                 
00000063  UCA0BR1                 
00000060  UCA0CTL0                
00000061  UCA0CTL1                
0000005f  UCA0IRRCTL              
0000005e  UCA0IRTCTL              
00000064  UCA0MCTL                
00000066  UCA0RXBUF               
00000065  UCA0STAT                
00000067  UCA0TXBUF               
0000006a  UCB0BR0                 
0000006b  UCB0BR1                 
00000068  UCB0CTL0                
00000069  UCB0CTL1                
0000006c  UCB0I2CIE               
00000118  UCB0I2COA               
0000011a  UCB0I2CSA               
0000006e  UCB0RXBUF               
0000006d  UCB0STAT                
0000006f  UCB0TXBUF               
0000d16a  USCIAB0TX_ISR           
00000120  WDTCTL                  
00000400  __STACK_END             
00000050  __STACK_SIZE            
UNDEFED   __TI_BINIT_Base         
UNDEFED   __TI_BINIT_Limit        
0000d48c  __TI_CINIT_Base         
0000d494  __TI_CINIT_Limit        
0000d482  __TI_Handler_Table_Base 
0000d488  __TI_Handler_Table_Limit
UNDEFED   __TI_INITARRAY_Base     
UNDEFED   __TI_INITARRAY_Limit    
0000d2a8  __TI_ISR_TRAP           
0000c9de  __TI_decompress_lzss    
0000d266  __TI_decompress_none    
0000ffe0  __TI_int00              
0000ffe4  __TI_int02              
0000ffe6  __TI_int03              
0000ffea  __TI_int05              
0000ffec  __TI_int06              
0000ffee  __TI_int07              
0000fff0  __TI_int08              
0000fff2  __TI_int09              
0000fff4  __TI_int10              
0000fff8  __TI_int12              
0000fffa  __TI_int13              
0000fffc  __TI_int14              
ffffffff  __TI_pprof_out_hndl     
ffffffff  __TI_prof_data_size     
ffffffff  __TI_prof_data_start    
0000d216  __TI_zero_init          
ffffffff  __c_args__              
0000d296  __mspabi_func_epilog_1  
0000d294  __mspabi_func_epilog_2  
0000d292  __mspabi_func_epilog_3  
0000d290  __mspabi_func_epilog_4  
0000d28e  __mspabi_func_epilog_5  
0000d28c  __mspabi_func_epilog_6  
0000d28a  __mspabi_func_epilog_7  
0000d252  __mspabi_mpyi           
0000d252  __mspabi_mpyi_sw        
0000d0cc  __mspabi_slli           
0000d0f4  __mspabi_slli_1         
0000d0e2  __mspabi_slli_10        
0000d0e0  __mspabi_slli_11        
0000d0de  __mspabi_slli_12        
0000d0dc  __mspabi_slli_13        
0000d0da  __mspabi_slli_14        
0000d0d8  __mspabi_slli_15        
0000d0f2  __mspabi_slli_2         
0000d0f0  __mspabi_slli_3         
0000d0ee  __mspabi_slli_4         
0000d0ec  __mspabi_slli_5         
0000d0ea  __mspabi_slli_6         
0000d0e8  __mspabi_slli_7         
0000d0e6  __mspabi_slli_8         
0000d0e4  __mspabi_slli_9         
0000ce90  __mspabi_srli           
0000ced6  __mspabi_srli_1         
0000ceb2  __mspabi_srli_10        
0000ceae  __mspabi_srli_11        
0000ceaa  __mspabi_srli_12        
0000cea6  __mspabi_srli_13        
0000cea2  __mspabi_srli_14        
0000ce9e  __mspabi_srli_15        
0000ced2  __mspabi_srli_2         
0000cece  __mspabi_srli_3         
0000ceca  __mspabi_srli_4         
0000cec6  __mspabi_srli_5         
0000cec2  __mspabi_srli_6         
0000cebe  __mspabi_srli_7         
0000ceba  __mspabi_srli_8         
0000ceb6  __mspabi_srli_9         
0000cbc8  _auto_init              
0000d1be  _c_int00_noargs_noexit  
0000fffe  _reset_vector           
000003b0  _stack                  
0000d2da  _system_post_cinit      
0000d2d6  _system_pre_init        
0000d2d0  abort                   
0000021a  apass                   
0000022a  apin                    
00000240  b                       
0000d0f8  backspace               
0000d1ee  beep                    
0000d29a  buzzer_init             
0000c4a0  change_pwd              
0000020e  changepwd               
0000cc36  confirm_pin             
0000020c  confirmpin              
0000020a  confirmsix              
0000cde0  copy_in                 
00000202  data                    
0000d202  data_write              
00000206  dc                      
0000d072  delay                   
0000c000  detect_key              
00000208  dowc                    
00000220  enter                   
00000230  epin                    
0000c846  erase_flash             
0000021c  f                       
0000d22a  feedback_init           
0000d23e  flash_init              
00000242  i                       
0000d042  i2c_init                
0000d2b0  i2c_start               
0000d2b8  i2c_stop_chk            
00000200  j                       
00000224  key                     
0000ce3a  key_cmd                 
0000d2c0  key_init                
0000d0a0  keypad                  
0000cf64  lcd_cmd                 
0000cedc  lcd_data                
0000cfa2  lcd_init                
0000d2c8  lcd_serial              
0000d186  lcd_string              
0000ca5a  lock                    
0000c764  lock_door               
00000212  lockdoor                
0000021e  locked                  
0000c292  main                    
00000204  matrix                  
0000d278  memcpy                  
00000203  motor                   
00000210  pass                    
0000cca2  password                
00000236  pin                     
0000cd7a  pin_enter               
00000226  pin_index               
00000228  pin_s_i                 
0000cd0e  port1                   
0000c91c  print_key               
0000d1a2  pwd_set                 
00000218  pwdset                  
0000cfde  read_flash              
00000216  reset                   
0000cf22  right_tone              
00000222  row                     
0000d1d8  send_data               
0000d148  send_datam              
0000d120  send_datama             
00000205  senddata                
00000244  txc                     
0000cad4  unlock                  
0000c65c  unlock_door             
00000214  unlockdoor              
0000cb4e  write_flash             
0000d010  wrong_tone              


GLOBAL SYMBOLS: SORTED BY Symbol Address 

address   name                    
-------   ----                    
00000000  IE1                     
00000001  IE2                     
00000002  IFG1                    
00000003  IFG2                    
00000010  P3REN                   
00000018  P3IN                    
00000019  P3OUT                   
0000001a  P3DIR                   
0000001b  P3SEL                   
00000020  P1IN                    
00000021  P1OUT                   
00000022  P1DIR                   
00000023  P1IFG                   
00000024  P1IES                   
00000025  P1IE                    
00000026  P1SEL                   
00000027  P1REN                   
00000028  P2IN                    
00000029  P2OUT                   
0000002a  P2DIR                   
0000002b  P2IFG                   
0000002c  P2IES                   
0000002d  P2IE                    
0000002e  P2SEL                   
0000002f  P2REN                   
00000041  P1SEL2                  
00000042  P2SEL2                  
00000043  P3SEL2                  
00000048  ADC10DTC0               
00000049  ADC10DTC1               
0000004a  ADC10AE0                
00000050  __STACK_SIZE            
00000053  BCSCTL3                 
00000056  DCOCTL                  
00000057  BCSCTL1                 
00000058  BCSCTL2                 
0000005d  UCA0ABCTL               
0000005e  UCA0IRTCTL              
0000005f  UCA0IRRCTL              
00000060  UCA0CTL0                
00000061  UCA0CTL1                
00000062  UCA0BR0                 
00000063  UCA0BR1                 
00000064  UCA0MCTL                
00000065  UCA0STAT                
00000066  UCA0RXBUF               
00000067  UCA0TXBUF               
00000068  UCB0CTL0                
00000069  UCB0CTL1                
0000006a  UCB0BR0                 
0000006b  UCB0BR1                 
0000006c  UCB0I2CIE               
0000006d  UCB0STAT                
0000006e  UCB0RXBUF               
0000006f  UCB0TXBUF               
00000118  UCB0I2COA               
0000011a  UCB0I2CSA               
0000011e  TA1IV                   
00000120  WDTCTL                  
00000128  FCTL1                   
0000012a  FCTL2                   
0000012c  FCTL3                   
0000012e  TA0IV                   
00000160  TA0CTL                  
00000162  TA0CCTL0                
00000164  TA0CCTL1                
00000166  TA0CCTL2                
00000170  TA0R                    
00000172  TA0CCR0                 
00000174  TA0CCR1                 
00000176  TA0CCR2                 
00000180  TA1CTL                  
00000182  TA1CCTL0                
00000184  TA1CCTL1                
00000186  TA1CCTL2                
00000190  TA1R                    
00000192  TA1CCR0                 
00000194  TA1CCR1                 
00000196  TA1CCR2                 
000001b0  ADC10CTL0               
000001b2  ADC10CTL1               
000001b4  ADC10MEM                
000001bc  ADC10SA                 
00000200  j                       
00000202  data                    
00000203  motor                   
00000204  matrix                  
00000205  senddata                
00000206  dc                      
00000208  dowc                    
0000020a  confirmsix              
0000020c  confirmpin              
0000020e  changepwd               
00000210  pass                    
00000212  lockdoor                
00000214  unlockdoor              
00000216  reset                   
00000218  pwdset                  
0000021a  apass                   
0000021c  f                       
0000021e  locked                  
00000220  enter                   
00000222  row                     
00000224  key                     
00000226  pin_index               
00000228  pin_s_i                 
0000022a  apin                    
00000230  epin                    
00000236  pin                     
0000023c  Flash_ptr               
0000023e  Flash_ptrC              
00000240  b                       
00000242  i                       
00000244  txc                     
000003b0  _stack                  
00000400  __STACK_END             
000010c0  TLV_CHECKSUM            
000010da  TLV_ADC10_1_TAG         
000010db  TLV_ADC10_1_LEN         
000010f6  TLV_DCO_30_TAG          
000010f7  TLV_DCO_30_LEN          
000010f8  CALDCO_16MHZ            
000010f9  CALBC1_16MHZ            
000010fa  CALDCO_12MHZ            
000010fb  CALBC1_12MHZ            
000010fc  CALDCO_8MHZ             
000010fd  CALBC1_8MHZ             
000010fe  CALDCO_1MHZ             
000010ff  CALBC1_1MHZ             
0000c000  detect_key              
0000c292  main                    
0000c4a0  change_pwd              
0000c65c  unlock_door             
0000c764  lock_door               
0000c846  erase_flash             
0000c91c  print_key               
0000c9de  __TI_decompress_lzss    
0000ca5a  lock                    
0000cad4  unlock                  
0000cb4e  write_flash             
0000cbc8  _auto_init              
0000cc36  confirm_pin             
0000cca2  password                
0000cd0e  port1                   
0000cd7a  pin_enter               
0000cde0  copy_in                 
0000ce3a  key_cmd                 
0000ce90  __mspabi_srli           
0000ce9e  __mspabi_srli_15        
0000cea2  __mspabi_srli_14        
0000cea6  __mspabi_srli_13        
0000ceaa  __mspabi_srli_12        
0000ceae  __mspabi_srli_11        
0000ceb2  __mspabi_srli_10        
0000ceb6  __mspabi_srli_9         
0000ceba  __mspabi_srli_8         
0000cebe  __mspabi_srli_7         
0000cec2  __mspabi_srli_6         
0000cec6  __mspabi_srli_5         
0000ceca  __mspabi_srli_4         
0000cece  __mspabi_srli_3         
0000ced2  __mspabi_srli_2         
0000ced6  __mspabi_srli_1         
0000cedc  lcd_data                
0000cf22  right_tone              
0000cf64  lcd_cmd                 
0000cfa2  lcd_init                
0000cfde  read_flash              
0000d010  wrong_tone              
0000d042  i2c_init                
0000d072  delay                   
0000d0a0  keypad                  
0000d0cc  __mspabi_slli           
0000d0d8  __mspabi_slli_15        
0000d0da  __mspabi_slli_14        
0000d0dc  __mspabi_slli_13        
0000d0de  __mspabi_slli_12        
0000d0e0  __mspabi_slli_11        
0000d0e2  __mspabi_slli_10        
0000d0e4  __mspabi_slli_9         
0000d0e6  __mspabi_slli_8         
0000d0e8  __mspabi_slli_7         
0000d0ea  __mspabi_slli_6         
0000d0ec  __mspabi_slli_5         
0000d0ee  __mspabi_slli_4         
0000d0f0  __mspabi_slli_3         
0000d0f2  __mspabi_slli_2         
0000d0f4  __mspabi_slli_1         
0000d0f8  backspace               
0000d120  send_datama             
0000d148  send_datam              
0000d16a  USCIAB0TX_ISR           
0000d186  lcd_string              
0000d1a2  pwd_set                 
0000d1be  _c_int00_noargs_noexit  
0000d1d8  send_data               
0000d1ee  beep                    
0000d202  data_write              
0000d216  __TI_zero_init          
0000d22a  feedback_init           
0000d23e  flash_init              
0000d252  __mspabi_mpyi           
0000d252  __mspabi_mpyi_sw        
0000d266  __TI_decompress_none    
0000d278  memcpy                  
0000d28a  __mspabi_func_epilog_7  
0000d28c  __mspabi_func_epilog_6  
0000d28e  __mspabi_func_epilog_5  
0000d290  __mspabi_func_epilog_4  
0000d292  __mspabi_func_epilog_3  
0000d294  __mspabi_func_epilog_2  
0000d296  __mspabi_func_epilog_1  
0000d29a  buzzer_init             
0000d2a8  __TI_ISR_TRAP           
0000d2b0  i2c_start               
0000d2b8  i2c_stop_chk            
0000d2c0  key_init                
0000d2c8  lcd_serial              
0000d2d0  C$$EXIT                 
0000d2d0  abort                   
0000d2d6  _system_pre_init        
0000d2da  _system_post_cinit      
0000d482  __TI_Handler_Table_Base 
0000d488  __TI_Handler_Table_Limit
0000d48c  __TI_CINIT_Base         
0000d494  __TI_CINIT_Limit        
0000ffe0  __TI_int00              
0000ffe4  __TI_int02              
0000ffe6  __TI_int03              
0000ffea  __TI_int05              
0000ffec  __TI_int06              
0000ffee  __TI_int07              
0000fff0  __TI_int08              
0000fff2  __TI_int09              
0000fff4  __TI_int10              
0000fff8  __TI_int12              
0000fffa  __TI_int13              
0000fffc  __TI_int14              
0000fffe  _reset_vector           
ffffffff  __TI_pprof_out_hndl     
ffffffff  __TI_prof_data_size     
ffffffff  __TI_prof_data_start    
ffffffff  __c_args__              
UNDEFED   __TI_BINIT_Base         
UNDEFED   __TI_BINIT_Limit        
UNDEFED   __TI_INITARRAY_Base     
UNDEFED   __TI_INITARRAY_Limit    

[247 symbols]
