<?xml version="1.0"?>
<link_info>
   <banner>MSP430 Linker PC v16.9.1.LTS</banner>
   <copyright>Copyright (c) 2003-2015 Texas Instruments Incorporated</copyright>
   <link_time>0x59321822</link_time>
   <link_errors>0x0</link_errors>
   <output_file>i2cLCDdisplay.out</output_file>
   <entry_point>
      <name>_c_int00_noargs_noexit</name>
      <address>0xd1be</address>
   </entry_point>
   <input_file_list>
      <input_file id="fl-2">
         <path>.\</path>
         <kind>object</kind>
         <file>main.obj</file>
         <name>main.obj</name>
      </input_file>
      <input_file id="fl-1d">
         <path>C:\ti\ccsv7\tools\compiler\ti-cgt-msp430_16.9.1.LTS\lib\</path>
         <kind>archive</kind>
         <file>rts430_eabi.lib</file>
         <name>boot.obj</name>
      </input_file>
      <input_file id="fl-1e">
         <path>C:\ti\ccsv7\tools\compiler\ti-cgt-msp430_16.9.1.LTS\lib\</path>
         <kind>archive</kind>
         <file>rts430_eabi.lib</file>
         <name>boot_special.obj</name>
      </input_file>
      <input_file id="fl-1f">
         <path>C:\ti\ccsv7\tools\compiler\ti-cgt-msp430_16.9.1.LTS\lib\</path>
         <kind>archive</kind>
         <file>rts430_eabi.lib</file>
         <name>copy_decompress_lzss.obj</name>
      </input_file>
      <input_file id="fl-20">
         <path>C:\ti\ccsv7\tools\compiler\ti-cgt-msp430_16.9.1.LTS\lib\</path>
         <kind>archive</kind>
         <file>rts430_eabi.lib</file>
         <name>copy_decompress_none.obj</name>
      </input_file>
      <input_file id="fl-21">
         <path>C:\ti\ccsv7\tools\compiler\ti-cgt-msp430_16.9.1.LTS\lib\</path>
         <kind>archive</kind>
         <file>rts430_eabi.lib</file>
         <name>copy_zero_init.obj</name>
      </input_file>
      <input_file id="fl-22">
         <path>C:\ti\ccsv7\tools\compiler\ti-cgt-msp430_16.9.1.LTS\lib\</path>
         <kind>archive</kind>
         <file>rts430_eabi.lib</file>
         <name>epilog.obj</name>
      </input_file>
      <input_file id="fl-23">
         <path>C:\ti\ccsv7\tools\compiler\ti-cgt-msp430_16.9.1.LTS\lib\</path>
         <kind>archive</kind>
         <file>rts430_eabi.lib</file>
         <name>exit.obj</name>
      </input_file>
      <input_file id="fl-24">
         <path>C:\ti\ccsv7\tools\compiler\ti-cgt-msp430_16.9.1.LTS\lib\</path>
         <kind>archive</kind>
         <file>rts430_eabi.lib</file>
         <name>exit_gvars.obj</name>
      </input_file>
      <input_file id="fl-25">
         <path>C:\ti\ccsv7\tools\compiler\ti-cgt-msp430_16.9.1.LTS\lib\</path>
         <kind>archive</kind>
         <file>rts430_eabi.lib</file>
         <name>int00.obj</name>
      </input_file>
      <input_file id="fl-26">
         <path>C:\ti\ccsv7\tools\compiler\ti-cgt-msp430_16.9.1.LTS\lib\</path>
         <kind>archive</kind>
         <file>rts430_eabi.lib</file>
         <name>int03.obj</name>
      </input_file>
      <input_file id="fl-27">
         <path>C:\ti\ccsv7\tools\compiler\ti-cgt-msp430_16.9.1.LTS\lib\</path>
         <kind>archive</kind>
         <file>rts430_eabi.lib</file>
         <name>int05.obj</name>
      </input_file>
      <input_file id="fl-28">
         <path>C:\ti\ccsv7\tools\compiler\ti-cgt-msp430_16.9.1.LTS\lib\</path>
         <kind>archive</kind>
         <file>rts430_eabi.lib</file>
         <name>int07.obj</name>
      </input_file>
      <input_file id="fl-29">
         <path>C:\ti\ccsv7\tools\compiler\ti-cgt-msp430_16.9.1.LTS\lib\</path>
         <kind>archive</kind>
         <file>rts430_eabi.lib</file>
         <name>int08.obj</name>
      </input_file>
      <input_file id="fl-2a">
         <path>C:\ti\ccsv7\tools\compiler\ti-cgt-msp430_16.9.1.LTS\lib\</path>
         <kind>archive</kind>
         <file>rts430_eabi.lib</file>
         <name>int09.obj</name>
      </input_file>
      <input_file id="fl-2b">
         <path>C:\ti\ccsv7\tools\compiler\ti-cgt-msp430_16.9.1.LTS\lib\</path>
         <kind>archive</kind>
         <file>rts430_eabi.lib</file>
         <name>int10.obj</name>
      </input_file>
      <input_file id="fl-2c">
         <path>C:\ti\ccsv7\tools\compiler\ti-cgt-msp430_16.9.1.LTS\lib\</path>
         <kind>archive</kind>
         <file>rts430_eabi.lib</file>
         <name>int12.obj</name>
      </input_file>
      <input_file id="fl-2d">
         <path>C:\ti\ccsv7\tools\compiler\ti-cgt-msp430_16.9.1.LTS\lib\</path>
         <kind>archive</kind>
         <file>rts430_eabi.lib</file>
         <name>int13.obj</name>
      </input_file>
      <input_file id="fl-2e">
         <path>C:\ti\ccsv7\tools\compiler\ti-cgt-msp430_16.9.1.LTS\lib\</path>
         <kind>archive</kind>
         <file>rts430_eabi.lib</file>
         <name>int14.obj</name>
      </input_file>
      <input_file id="fl-2f">
         <path>C:\ti\ccsv7\tools\compiler\ti-cgt-msp430_16.9.1.LTS\lib\</path>
         <kind>archive</kind>
         <file>rts430_eabi.lib</file>
         <name>isr_trap.obj</name>
      </input_file>
      <input_file id="fl-30">
         <path>C:\ti\ccsv7\tools\compiler\ti-cgt-msp430_16.9.1.LTS\lib\</path>
         <kind>archive</kind>
         <file>rts430_eabi.lib</file>
         <name>lsl16.obj</name>
      </input_file>
      <input_file id="fl-31">
         <path>C:\ti\ccsv7\tools\compiler\ti-cgt-msp430_16.9.1.LTS\lib\</path>
         <kind>archive</kind>
         <file>rts430_eabi.lib</file>
         <name>lsr16.obj</name>
      </input_file>
      <input_file id="fl-32">
         <path>C:\ti\ccsv7\tools\compiler\ti-cgt-msp430_16.9.1.LTS\lib\</path>
         <kind>archive</kind>
         <file>rts430_eabi.lib</file>
         <name>memcpy.obj</name>
      </input_file>
      <input_file id="fl-33">
         <path>C:\ti\ccsv7\tools\compiler\ti-cgt-msp430_16.9.1.LTS\lib\</path>
         <kind>archive</kind>
         <file>rts430_eabi.lib</file>
         <name>mpu_init.obj</name>
      </input_file>
      <input_file id="fl-34">
         <path>C:\ti\ccsv7\tools\compiler\ti-cgt-msp430_16.9.1.LTS\lib\</path>
         <kind>archive</kind>
         <file>rts430_eabi.lib</file>
         <name>pre_init.obj</name>
      </input_file>
      <input_file id="fl-35">
         <path>C:\ti\ccsv7\tools\compiler\ti-cgt-msp430_16.9.1.LTS\lib\</path>
         <kind>archive</kind>
         <file>rts430_eabi.lib</file>
         <name>_lock.obj</name>
      </input_file>
      <input_file id="fl-36">
         <path>C:\ti\ccsv7\tools\compiler\ti-cgt-msp430_16.9.1.LTS\lib\</path>
         <kind>archive</kind>
         <file>rts430_eabi.lib</file>
         <name>args_main.obj</name>
      </input_file>
      <input_file id="fl-37">
         <path>C:\ti\ccsv7\tools\compiler\ti-cgt-msp430_16.9.1.LTS\lib\</path>
         <kind>archive</kind>
         <file>rts430_eabi.lib</file>
         <name>autoinit.obj</name>
      </input_file>
      <input_file id="fl-38">
         <path>C:\ti\ccsv7\tools\compiler\ti-cgt-msp430_16.9.1.LTS\lib\</path>
         <kind>archive</kind>
         <file>rts430_eabi.lib</file>
         <name>cpy_tbl.obj</name>
      </input_file>
      <input_file id="fl-39">
         <path>C:\ti\ccsv7\tools\compiler\ti-cgt-msp430_16.9.1.LTS\lib\</path>
         <kind>archive</kind>
         <file>rts430_eabi.lib</file>
         <name>mult16.obj</name>
      </input_file>
      <input_file id="fl-3a">
         <path>C:\ti\ccsv7\tools\compiler\ti-cgt-msp430_16.9.1.LTS\lib\</path>
         <kind>archive</kind>
         <file>rts430_eabi.lib</file>
         <name>startup.obj</name>
      </input_file>
   </input_file_list>
   <object_component_list>
      <object_component id="oc-187">
         <name>.common:txc</name>
         <uninitialized>true</uninitialized>
         <run_address>0x244</run_address>
         <size>0x2</size>
      </object_component>
      <object_component id="oc-237">
         <name>.common:i</name>
         <uninitialized>true</uninitialized>
         <run_address>0x242</run_address>
         <size>0x2</size>
      </object_component>
      <object_component id="oc-289">
         <name>.common:b</name>
         <uninitialized>true</uninitialized>
         <run_address>0x240</run_address>
         <size>0x2</size>
      </object_component>
      <object_component id="oc-2b7">
         <name>.common:Flash_ptr</name>
         <uninitialized>true</uninitialized>
         <run_address>0x23c</run_address>
         <size>0x2</size>
      </object_component>
      <object_component id="oc-277">
         <name>.common:Flash_ptrC</name>
         <uninitialized>true</uninitialized>
         <run_address>0x23e</run_address>
         <size>0x2</size>
      </object_component>
      <object_component id="oc-17d">
         <name>.data</name>
         <load_address>0x200</load_address>
         <run_address>0x200</run_address>
         <size>0x2a</size>
         <input_file_ref idref="fl-2"/>
      </object_component>
      <object_component id="oc-211">
         <name>.data:pin</name>
         <load_address>0x236</load_address>
         <run_address>0x236</run_address>
         <size>0x6</size>
         <input_file_ref idref="fl-2"/>
      </object_component>
      <object_component id="oc-214">
         <name>.data:epin</name>
         <load_address>0x230</load_address>
         <run_address>0x230</run_address>
         <size>0x6</size>
         <input_file_ref idref="fl-2"/>
      </object_component>
      <object_component id="oc-2ed">
         <name>.data:apin</name>
         <load_address>0x22a</load_address>
         <run_address>0x22a</run_address>
         <size>0x6</size>
         <input_file_ref idref="fl-2"/>
      </object_component>
      <object_component id="oc-ec">
         <name>.stack</name>
         <uninitialized>true</uninitialized>
         <run_address>0x3b0</run_address>
         <size>0x2</size>
         <input_file_ref idref="fl-1d"/>
      </object_component>
      <object_component id="oc-342">
         <name>.stack</name>
         <uninitialized>true</uninitialized>
         <run_address>0x3b0</run_address>
         <size>0x0</size>
      </object_component>
      <object_component id="oc-28b">
         <name>.text:detect_key</name>
         <load_address>0xc000</load_address>
         <run_address>0xc000</run_address>
         <size>0x292</size>
         <input_file_ref idref="fl-2"/>
      </object_component>
      <object_component id="oc-14f">
         <name>.text:main</name>
         <load_address>0xc292</load_address>
         <run_address>0xc292</run_address>
         <size>0x20e</size>
         <input_file_ref idref="fl-2"/>
      </object_component>
      <object_component id="oc-291">
         <name>.text:change_pwd</name>
         <load_address>0xc4a0</load_address>
         <run_address>0xc4a0</run_address>
         <size>0x1bc</size>
         <input_file_ref idref="fl-2"/>
      </object_component>
      <object_component id="oc-1ff">
         <name>.text:unlock_door</name>
         <load_address>0xc65c</load_address>
         <run_address>0xc65c</run_address>
         <size>0x108</size>
         <input_file_ref idref="fl-2"/>
      </object_component>
      <object_component id="oc-229">
         <name>.text:lock_door</name>
         <load_address>0xc764</load_address>
         <run_address>0xc764</run_address>
         <size>0xe2</size>
         <input_file_ref idref="fl-2"/>
      </object_component>
      <object_component id="oc-2a3">
         <name>.text:erase_flash</name>
         <load_address>0xc846</load_address>
         <run_address>0xc846</run_address>
         <size>0xd6</size>
         <input_file_ref idref="fl-2"/>
      </object_component>
      <object_component id="oc-2dd">
         <name>.text:print_key</name>
         <load_address>0xc91c</load_address>
         <run_address>0xc91c</run_address>
         <size>0xc2</size>
         <input_file_ref idref="fl-2"/>
      </object_component>
      <object_component id="oc-33">
         <name>.text:decompress:lzss:__TI_decompress_lzss</name>
         <load_address>0xc9de</load_address>
         <run_address>0xc9de</run_address>
         <size>0x7c</size>
         <input_file_ref idref="fl-1f"/>
      </object_component>
      <object_component id="oc-2ba">
         <name>.text:lock</name>
         <load_address>0xca5a</load_address>
         <run_address>0xca5a</run_address>
         <size>0x7a</size>
         <input_file_ref idref="fl-2"/>
      </object_component>
      <object_component id="oc-29d">
         <name>.text:unlock</name>
         <load_address>0xcad4</load_address>
         <run_address>0xcad4</run_address>
         <size>0x7a</size>
         <input_file_ref idref="fl-2"/>
      </object_component>
      <object_component id="oc-21d">
         <name>.text:write_flash</name>
         <load_address>0xcb4e</load_address>
         <run_address>0xcb4e</run_address>
         <size>0x7a</size>
         <input_file_ref idref="fl-2"/>
      </object_component>
      <object_component id="oc-135">
         <name>.text:_auto_init</name>
         <load_address>0xcbc8</load_address>
         <run_address>0xcbc8</run_address>
         <size>0x6e</size>
         <input_file_ref idref="fl-37"/>
      </object_component>
      <object_component id="oc-217">
         <name>.text:confirm_pin</name>
         <load_address>0xcc36</load_address>
         <run_address>0xcc36</run_address>
         <size>0x6c</size>
         <input_file_ref idref="fl-2"/>
      </object_component>
      <object_component id="oc-297">
         <name>.text:password</name>
         <load_address>0xcca2</load_address>
         <run_address>0xcca2</run_address>
         <size>0x6c</size>
         <input_file_ref idref="fl-2"/>
      </object_component>
      <object_component id="oc-11c">
         <name>.text:port1</name>
         <load_address>0xcd0e</load_address>
         <run_address>0xcd0e</run_address>
         <size>0x6c</size>
         <input_file_ref idref="fl-2"/>
      </object_component>
      <object_component id="oc-205">
         <name>.text:pin_enter</name>
         <load_address>0xcd7a</load_address>
         <run_address>0xcd7a</run_address>
         <size>0x66</size>
         <input_file_ref idref="fl-2"/>
      </object_component>
      <object_component id="oc-18e">
         <name>.text:copy_in</name>
         <load_address>0xcde0</load_address>
         <run_address>0xcde0</run_address>
         <size>0x5a</size>
         <input_file_ref idref="fl-38"/>
      </object_component>
      <object_component id="oc-2d7">
         <name>.text:key_cmd</name>
         <load_address>0xce3a</load_address>
         <run_address>0xce3a</run_address>
         <size>0x56</size>
         <input_file_ref idref="fl-2"/>
      </object_component>
      <object_component id="oc-f5">
         <name>.text</name>
         <load_address>0xce90</load_address>
         <run_address>0xce90</run_address>
         <size>0x4c</size>
         <input_file_ref idref="fl-31"/>
      </object_component>
      <object_component id="oc-282">
         <name>.text:lcd_data</name>
         <load_address>0xcedc</load_address>
         <run_address>0xcedc</run_address>
         <size>0x46</size>
         <input_file_ref idref="fl-2"/>
      </object_component>
      <object_component id="oc-223">
         <name>.text:right_tone</name>
         <load_address>0xcf22</load_address>
         <run_address>0xcf22</run_address>
         <size>0x42</size>
         <input_file_ref idref="fl-2"/>
      </object_component>
      <object_component id="oc-1ec">
         <name>.text:lcd_cmd</name>
         <load_address>0xcf64</load_address>
         <run_address>0xcf64</run_address>
         <size>0x3e</size>
         <input_file_ref idref="fl-2"/>
      </object_component>
      <object_component id="oc-1b6">
         <name>.text:lcd_init</name>
         <load_address>0xcfa2</load_address>
         <run_address>0xcfa2</run_address>
         <size>0x3c</size>
         <input_file_ref idref="fl-2"/>
      </object_component>
      <object_component id="oc-1e0">
         <name>.text:read_flash</name>
         <load_address>0xcfde</load_address>
         <run_address>0xcfde</run_address>
         <size>0x32</size>
         <input_file_ref idref="fl-2"/>
      </object_component>
      <object_component id="oc-1f9">
         <name>.text:wrong_tone</name>
         <load_address>0xd010</load_address>
         <run_address>0xd010</run_address>
         <size>0x32</size>
         <input_file_ref idref="fl-2"/>
      </object_component>
      <object_component id="oc-1b0">
         <name>.text:i2c_init</name>
         <load_address>0xd042</load_address>
         <run_address>0xd042</run_address>
         <size>0x30</size>
         <input_file_ref idref="fl-2"/>
      </object_component>
      <object_component id="oc-180">
         <name>.text:delay</name>
         <load_address>0xd072</load_address>
         <run_address>0xd072</run_address>
         <size>0x2e</size>
         <input_file_ref idref="fl-2"/>
      </object_component>
      <object_component id="oc-1d4">
         <name>.text:keypad</name>
         <load_address>0xd0a0</load_address>
         <run_address>0xd0a0</run_address>
         <size>0x2c</size>
         <input_file_ref idref="fl-2"/>
      </object_component>
      <object_component id="oc-f0">
         <name>.text</name>
         <load_address>0xd0cc</load_address>
         <run_address>0xd0cc</run_address>
         <size>0x2c</size>
         <input_file_ref idref="fl-30"/>
      </object_component>
      <object_component id="oc-2f4">
         <name>.text:backspace</name>
         <load_address>0xd0f8</load_address>
         <run_address>0xd0f8</run_address>
         <size>0x28</size>
         <input_file_ref idref="fl-2"/>
      </object_component>
      <object_component id="oc-270">
         <name>.text:send_datama</name>
         <load_address>0xd120</load_address>
         <run_address>0xd120</run_address>
         <size>0x28</size>
         <input_file_ref idref="fl-2"/>
      </object_component>
      <object_component id="oc-2e6">
         <name>.text:send_datam</name>
         <load_address>0xd148</load_address>
         <run_address>0xd148</run_address>
         <size>0x22</size>
         <input_file_ref idref="fl-2"/>
      </object_component>
      <object_component id="oc-122">
         <name>.text:USCIAB0TX_ISR</name>
         <load_address>0xd16a</load_address>
         <run_address>0xd16a</run_address>
         <size>0x1c</size>
         <input_file_ref idref="fl-2"/>
      </object_component>
      <object_component id="oc-1f3">
         <name>.text:lcd_string</name>
         <load_address>0xd186</load_address>
         <run_address>0xd186</run_address>
         <size>0x1c</size>
         <input_file_ref idref="fl-2"/>
      </object_component>
      <object_component id="oc-1da">
         <name>.text:pwd_set</name>
         <load_address>0xd1a2</load_address>
         <run_address>0xd1a2</run_address>
         <size>0x1c</size>
         <input_file_ref idref="fl-2"/>
      </object_component>
      <object_component id="oc-69">
         <name>.text:_c_int00_noargs_noexit</name>
         <load_address>0xd1be</load_address>
         <run_address>0xd1be</run_address>
         <size>0x1a</size>
         <input_file_ref idref="fl-1e"/>
      </object_component>
      <object_component id="oc-20b">
         <name>.text:send_data</name>
         <load_address>0xd1d8</load_address>
         <run_address>0xd1d8</run_address>
         <size>0x16</size>
         <input_file_ref idref="fl-2"/>
      </object_component>
      <object_component id="oc-2fa">
         <name>.text:beep</name>
         <load_address>0xd1ee</load_address>
         <run_address>0xd1ee</run_address>
         <size>0x14</size>
         <input_file_ref idref="fl-2"/>
      </object_component>
      <object_component id="oc-27b">
         <name>.text:data_write</name>
         <load_address>0xd202</load_address>
         <run_address>0xd202</run_address>
         <size>0x14</size>
         <input_file_ref idref="fl-2"/>
      </object_component>
      <object_component id="oc-4b">
         <name>.text:decompress:ZI:__TI_zero_init</name>
         <load_address>0xd216</load_address>
         <run_address>0xd216</run_address>
         <size>0x14</size>
         <input_file_ref idref="fl-21"/>
      </object_component>
      <object_component id="oc-1c8">
         <name>.text:feedback_init</name>
         <load_address>0xd22a</load_address>
         <run_address>0xd22a</run_address>
         <size>0x14</size>
         <input_file_ref idref="fl-2"/>
      </object_component>
      <object_component id="oc-1c2">
         <name>.text:flash_init</name>
         <load_address>0xd23e</load_address>
         <run_address>0xd23e</run_address>
         <size>0x14</size>
         <input_file_ref idref="fl-2"/>
      </object_component>
      <object_component id="oc-23b">
         <name>.text</name>
         <load_address>0xd252</load_address>
         <run_address>0xd252</run_address>
         <size>0x14</size>
         <input_file_ref idref="fl-39"/>
      </object_component>
      <object_component id="oc-39">
         <name>.text:decompress:none:__TI_decompress_none</name>
         <load_address>0xd266</load_address>
         <run_address>0xd266</run_address>
         <size>0x12</size>
         <input_file_ref idref="fl-20"/>
      </object_component>
      <object_component id="oc-10a">
         <name>.text:memcpy</name>
         <load_address>0xd278</load_address>
         <run_address>0xd278</run_address>
         <size>0x12</size>
         <input_file_ref idref="fl-32"/>
      </object_component>
      <object_component id="oc-fa">
         <name>.text</name>
         <load_address>0xd28a</load_address>
         <run_address>0xd28a</run_address>
         <size>0x10</size>
         <input_file_ref idref="fl-22"/>
      </object_component>
      <object_component id="oc-1ce">
         <name>.text:buzzer_init</name>
         <load_address>0xd29a</load_address>
         <run_address>0xd29a</run_address>
         <size>0xe</size>
         <input_file_ref idref="fl-2"/>
      </object_component>
      <object_component id="oc-117">
         <name>.text:_isr:__TI_ISR_TRAP</name>
         <load_address>0xd2a8</load_address>
         <run_address>0xd2a8</run_address>
         <size>0x8</size>
         <input_file_ref idref="fl-2f"/>
      </object_component>
      <object_component id="oc-2ab">
         <name>.text:i2c_start</name>
         <load_address>0xd2b0</load_address>
         <run_address>0xd2b0</run_address>
         <size>0x8</size>
         <input_file_ref idref="fl-2"/>
      </object_component>
      <object_component id="oc-2d1">
         <name>.text:i2c_stop_chk</name>
         <load_address>0xd2b8</load_address>
         <run_address>0xd2b8</run_address>
         <size>0x8</size>
         <input_file_ref idref="fl-2"/>
      </object_component>
      <object_component id="oc-1bc">
         <name>.text:key_init</name>
         <load_address>0xd2c0</load_address>
         <run_address>0xd2c0</run_address>
         <size>0x8</size>
         <input_file_ref idref="fl-2"/>
      </object_component>
      <object_component id="oc-1e6">
         <name>.text:lcd_serial</name>
         <load_address>0xd2c8</load_address>
         <run_address>0xd2c8</run_address>
         <size>0x8</size>
         <input_file_ref idref="fl-2"/>
      </object_component>
      <object_component id="oc-157">
         <name>.text:abort</name>
         <load_address>0xd2d0</load_address>
         <run_address>0xd2d0</run_address>
         <size>0x6</size>
         <input_file_ref idref="fl-23"/>
      </object_component>
      <object_component id="oc-12f">
         <name>.text:_system_pre_init</name>
         <load_address>0xd2d6</load_address>
         <run_address>0xd2d6</run_address>
         <size>0x4</size>
         <input_file_ref idref="fl-34"/>
      </object_component>
      <object_component id="oc-194">
         <name>.text:_system_post_cinit</name>
         <load_address>0xd2da</load_address>
         <run_address>0xd2da</run_address>
         <size>0x2</size>
         <input_file_ref idref="fl-3a"/>
      </object_component>
      <object_component id="oc-341">
         <name>.cinit..data.load</name>
         <load_address>0xd46a</load_address>
         <run_address>0xd46a</run_address>
         <size>0x18</size>
      </object_component>
      <object_component id="oc-33e">
         <name>__TI_handler_table</name>
         <load_address>0xd482</load_address>
         <run_address>0xd482</run_address>
         <size>0x6</size>
      </object_component>
      <object_component id="oc-340">
         <name>.cinit..bss.load</name>
         <load_address>0xd488</load_address>
         <run_address>0xd488</run_address>
         <size>0x4</size>
      </object_component>
      <object_component id="oc-33f">
         <name>__TI_cinit_table</name>
         <load_address>0xd48c</load_address>
         <run_address>0xd48c</run_address>
         <size>0x8</size>
      </object_component>
      <object_component id="oc-1f2">
         <name>.const:.string</name>
         <load_address>0xd2dc</load_address>
         <run_address>0xd2dc</run_address>
         <size>0x18e</size>
         <input_file_ref idref="fl-2"/>
      </object_component>
      <object_component id="oc-308">
         <name>.binit</name>
         <load_address>0xc000</load_address>
         <run_address>0xc000</run_address>
         <size>0x0</size>
      </object_component>
      <object_component id="oc-3f">
         <name>.int00</name>
         <load_address>0xffe0</load_address>
         <run_address>0xffe0</run_address>
         <size>0x2</size>
         <input_file_ref idref="fl-25"/>
      </object_component>
      <object_component id="oc-40">
         <name>.int02</name>
         <load_address>0xffe4</load_address>
         <run_address>0xffe4</run_address>
         <size>0x2</size>
         <input_file_ref idref="fl-2"/>
      </object_component>
      <object_component id="oc-41">
         <name>.int03</name>
         <load_address>0xffe6</load_address>
         <run_address>0xffe6</run_address>
         <size>0x2</size>
         <input_file_ref idref="fl-26"/>
      </object_component>
      <object_component id="oc-42">
         <name>.int05</name>
         <load_address>0xffea</load_address>
         <run_address>0xffea</run_address>
         <size>0x2</size>
         <input_file_ref idref="fl-27"/>
      </object_component>
      <object_component id="oc-43">
         <name>.int06</name>
         <load_address>0xffec</load_address>
         <run_address>0xffec</run_address>
         <size>0x2</size>
         <input_file_ref idref="fl-2"/>
      </object_component>
      <object_component id="oc-44">
         <name>.int07</name>
         <load_address>0xffee</load_address>
         <run_address>0xffee</run_address>
         <size>0x2</size>
         <input_file_ref idref="fl-28"/>
      </object_component>
      <object_component id="oc-45">
         <name>.int08</name>
         <load_address>0xfff0</load_address>
         <run_address>0xfff0</run_address>
         <size>0x2</size>
         <input_file_ref idref="fl-29"/>
      </object_component>
      <object_component id="oc-46">
         <name>.int09</name>
         <load_address>0xfff2</load_address>
         <run_address>0xfff2</run_address>
         <size>0x2</size>
         <input_file_ref idref="fl-2a"/>
      </object_component>
      <object_component id="oc-47">
         <name>.int10</name>
         <load_address>0xfff4</load_address>
         <run_address>0xfff4</run_address>
         <size>0x2</size>
         <input_file_ref idref="fl-2b"/>
      </object_component>
      <object_component id="oc-48">
         <name>.int12</name>
         <load_address>0xfff8</load_address>
         <run_address>0xfff8</run_address>
         <size>0x2</size>
         <input_file_ref idref="fl-2c"/>
      </object_component>
      <object_component id="oc-49">
         <name>.int13</name>
         <load_address>0xfffa</load_address>
         <run_address>0xfffa</run_address>
         <size>0x2</size>
         <input_file_ref idref="fl-2d"/>
      </object_component>
      <object_component id="oc-4a">
         <name>.int14</name>
         <load_address>0xfffc</load_address>
         <run_address>0xfffc</run_address>
         <size>0x2</size>
         <input_file_ref idref="fl-2e"/>
      </object_component>
      <object_component id="oc-ef">
         <name>.reset</name>
         <load_address>0xfffe</load_address>
         <run_address>0xfffe</run_address>
         <size>0x2</size>
         <input_file_ref idref="fl-1d"/>
      </object_component>
      <object_component id="oc-188">
         <name>.debug_info</name>
         <load_address>0x0</load_address>
         <run_address>0x0</run_address>
         <size>0x4c5</size>
         <input_file_ref idref="fl-2"/>
      </object_component>
      <object_component id="oc-17e">
         <name>.debug_info</name>
         <load_address>0x4c5</load_address>
         <run_address>0x4c5</run_address>
         <size>0x338</size>
         <input_file_ref idref="fl-2"/>
      </object_component>
      <object_component id="oc-212">
         <name>.debug_info</name>
         <load_address>0x7fd</load_address>
         <run_address>0x7fd</run_address>
         <size>0xc2</size>
         <input_file_ref idref="fl-2"/>
      </object_component>
      <object_component id="oc-215">
         <name>.debug_info</name>
         <load_address>0x8bf</load_address>
         <run_address>0x8bf</run_address>
         <size>0xc4</size>
         <input_file_ref idref="fl-2"/>
      </object_component>
      <object_component id="oc-2ee">
         <name>.debug_info</name>
         <load_address>0x983</load_address>
         <run_address>0x983</run_address>
         <size>0xc4</size>
         <input_file_ref idref="fl-2"/>
      </object_component>
      <object_component id="oc-1b1">
         <name>.debug_info</name>
         <load_address>0xa47</load_address>
         <run_address>0xa47</run_address>
         <size>0xf6</size>
         <input_file_ref idref="fl-2"/>
      </object_component>
      <object_component id="oc-2ac">
         <name>.debug_info</name>
         <load_address>0xb3d</load_address>
         <run_address>0xb3d</run_address>
         <size>0xf8</size>
         <input_file_ref idref="fl-2"/>
      </object_component>
      <object_component id="oc-20c">
         <name>.debug_info</name>
         <load_address>0xc35</load_address>
         <run_address>0xc35</run_address>
         <size>0x108</size>
         <input_file_ref idref="fl-2"/>
      </object_component>
      <object_component id="oc-2e7">
         <name>.debug_info</name>
         <load_address>0xd3d</load_address>
         <run_address>0xd3d</run_address>
         <size>0x10a</size>
         <input_file_ref idref="fl-2"/>
      </object_component>
      <object_component id="oc-271">
         <name>.debug_info</name>
         <load_address>0xe47</load_address>
         <run_address>0xe47</run_address>
         <size>0x122</size>
         <input_file_ref idref="fl-2"/>
      </object_component>
      <object_component id="oc-2d2">
         <name>.debug_info</name>
         <load_address>0xf69</load_address>
         <run_address>0xf69</run_address>
         <size>0xfe</size>
         <input_file_ref idref="fl-2"/>
      </object_component>
      <object_component id="oc-181">
         <name>.debug_info</name>
         <load_address>0x1067</load_address>
         <run_address>0x1067</run_address>
         <size>0x106</size>
         <input_file_ref idref="fl-2"/>
      </object_component>
      <object_component id="oc-27c">
         <name>.debug_info</name>
         <load_address>0x116d</load_address>
         <run_address>0x116d</run_address>
         <size>0x116</size>
         <input_file_ref idref="fl-2"/>
      </object_component>
      <object_component id="oc-1ed">
         <name>.debug_info</name>
         <load_address>0x1283</load_address>
         <run_address>0x1283</run_address>
         <size>0x16a</size>
         <input_file_ref idref="fl-2"/>
      </object_component>
      <object_component id="oc-283">
         <name>.debug_info</name>
         <load_address>0x13ed</load_address>
         <run_address>0x13ed</run_address>
         <size>0x178</size>
         <input_file_ref idref="fl-2"/>
      </object_component>
      <object_component id="oc-1e7">
         <name>.debug_info</name>
         <load_address>0x1565</load_address>
         <run_address>0x1565</run_address>
         <size>0xfa</size>
         <input_file_ref idref="fl-2"/>
      </object_component>
      <object_component id="oc-1f4">
         <name>.debug_info</name>
         <load_address>0x165f</load_address>
         <run_address>0x165f</run_address>
         <size>0x140</size>
         <input_file_ref idref="fl-2"/>
      </object_component>
      <object_component id="oc-1b7">
         <name>.debug_info</name>
         <load_address>0x179f</load_address>
         <run_address>0x179f</run_address>
         <size>0x169</size>
         <input_file_ref idref="fl-2"/>
      </object_component>
      <object_component id="oc-29e">
         <name>.debug_info</name>
         <load_address>0x1908</load_address>
         <run_address>0x1908</run_address>
         <size>0x171</size>
         <input_file_ref idref="fl-2"/>
      </object_component>
      <object_component id="oc-2bb">
         <name>.debug_info</name>
         <load_address>0x1a79</load_address>
         <run_address>0x1a79</run_address>
         <size>0x16d</size>
         <input_file_ref idref="fl-2"/>
      </object_component>
      <object_component id="oc-1d5">
         <name>.debug_info</name>
         <load_address>0x1be6</load_address>
         <run_address>0x1be6</run_address>
         <size>0x104</size>
         <input_file_ref idref="fl-2"/>
      </object_component>
      <object_component id="oc-1bd">
         <name>.debug_info</name>
         <load_address>0x1cea</load_address>
         <run_address>0x1cea</run_address>
         <size>0xf6</size>
         <input_file_ref idref="fl-2"/>
      </object_component>
      <object_component id="oc-1cf">
         <name>.debug_info</name>
         <load_address>0x1de0</load_address>
         <run_address>0x1de0</run_address>
         <size>0xfc</size>
         <input_file_ref idref="fl-2"/>
      </object_component>
      <object_component id="oc-2fb">
         <name>.debug_info</name>
         <load_address>0x1edc</load_address>
         <run_address>0x1edc</run_address>
         <size>0xfa</size>
         <input_file_ref idref="fl-2"/>
      </object_component>
      <object_component id="oc-224">
         <name>.debug_info</name>
         <load_address>0x1fd6</load_address>
         <run_address>0x1fd6</run_address>
         <size>0x11e</size>
         <input_file_ref idref="fl-2"/>
      </object_component>
      <object_component id="oc-1fa">
         <name>.debug_info</name>
         <load_address>0x20f4</load_address>
         <run_address>0x20f4</run_address>
         <size>0x112</size>
         <input_file_ref idref="fl-2"/>
      </object_component>
      <object_component id="oc-2f5">
         <name>.debug_info</name>
         <load_address>0x2206</load_address>
         <run_address>0x2206</run_address>
         <size>0x142</size>
         <input_file_ref idref="fl-2"/>
      </object_component>
      <object_component id="oc-2de">
         <name>.debug_info</name>
         <load_address>0x2348</load_address>
         <run_address>0x2348</run_address>
         <size>0x1d4</size>
         <input_file_ref idref="fl-2"/>
      </object_component>
      <object_component id="oc-2d8">
         <name>.debug_info</name>
         <load_address>0x251c</load_address>
         <run_address>0x251c</run_address>
         <size>0x130</size>
         <input_file_ref idref="fl-2"/>
      </object_component>
      <object_component id="oc-28c">
         <name>.debug_info</name>
         <load_address>0x264c</load_address>
         <run_address>0x264c</run_address>
         <size>0x6c1</size>
         <input_file_ref idref="fl-2"/>
      </object_component>
      <object_component id="oc-206">
         <name>.debug_info</name>
         <load_address>0x2d0d</load_address>
         <run_address>0x2d0d</run_address>
         <size>0x15a</size>
         <input_file_ref idref="fl-2"/>
      </object_component>
      <object_component id="oc-218">
         <name>.debug_info</name>
         <load_address>0x2e67</load_address>
         <run_address>0x2e67</run_address>
         <size>0x15e</size>
         <input_file_ref idref="fl-2"/>
      </object_component>
      <object_component id="oc-298">
         <name>.debug_info</name>
         <load_address>0x2fc5</load_address>
         <run_address>0x2fc5</run_address>
         <size>0x158</size>
         <input_file_ref idref="fl-2"/>
      </object_component>
      <object_component id="oc-292">
         <name>.debug_info</name>
         <load_address>0x311d</load_address>
         <run_address>0x311d</run_address>
         <size>0x3fb</size>
         <input_file_ref idref="fl-2"/>
      </object_component>
      <object_component id="oc-22a">
         <name>.debug_info</name>
         <load_address>0x3518</load_address>
         <run_address>0x3518</run_address>
         <size>0x287</size>
         <input_file_ref idref="fl-2"/>
      </object_component>
      <object_component id="oc-200">
         <name>.debug_info</name>
         <load_address>0x379f</load_address>
         <run_address>0x379f</run_address>
         <size>0x2f7</size>
         <input_file_ref idref="fl-2"/>
      </object_component>
      <object_component id="oc-1c9">
         <name>.debug_info</name>
         <load_address>0x3a96</load_address>
         <run_address>0x3a96</run_address>
         <size>0x103</size>
         <input_file_ref idref="fl-2"/>
      </object_component>
      <object_component id="oc-1c3">
         <name>.debug_info</name>
         <load_address>0x3b99</load_address>
         <run_address>0x3b99</run_address>
         <size>0xfd</size>
         <input_file_ref idref="fl-2"/>
      </object_component>
      <object_component id="oc-2a4">
         <name>.debug_info</name>
         <load_address>0x3c96</load_address>
         <run_address>0x3c96</run_address>
         <size>0x1d6</size>
         <input_file_ref idref="fl-2"/>
      </object_component>
      <object_component id="oc-21e">
         <name>.debug_info</name>
         <load_address>0x3e6c</load_address>
         <run_address>0x3e6c</run_address>
         <size>0xff</size>
         <input_file_ref idref="fl-2"/>
      </object_component>
      <object_component id="oc-1db">
         <name>.debug_info</name>
         <load_address>0x3f6b</load_address>
         <run_address>0x3f6b</run_address>
         <size>0xf7</size>
         <input_file_ref idref="fl-2"/>
      </object_component>
      <object_component id="oc-1e1">
         <name>.debug_info</name>
         <load_address>0x4062</load_address>
         <run_address>0x4062</run_address>
         <size>0xfd</size>
         <input_file_ref idref="fl-2"/>
      </object_component>
      <object_component id="oc-150">
         <name>.debug_info</name>
         <load_address>0x415f</load_address>
         <run_address>0x415f</run_address>
         <size>0x472</size>
         <input_file_ref idref="fl-2"/>
      </object_component>
      <object_component id="oc-11d">
         <name>.debug_info</name>
         <load_address>0x45d1</load_address>
         <run_address>0x45d1</run_address>
         <size>0x124</size>
         <input_file_ref idref="fl-2"/>
      </object_component>
      <object_component id="oc-123">
         <name>.debug_info</name>
         <load_address>0x46f5</load_address>
         <run_address>0x46f5</run_address>
         <size>0x104</size>
         <input_file_ref idref="fl-2"/>
      </object_component>
      <object_component id="oc-105">
         <name>.debug_info</name>
         <load_address>0x47f9</load_address>
         <run_address>0x47f9</run_address>
         <size>0x84</size>
         <input_file_ref idref="fl-2"/>
      </object_component>
      <object_component id="oc-ed">
         <name>.debug_info</name>
         <load_address>0x487d</load_address>
         <run_address>0x487d</run_address>
         <size>0xf5</size>
         <input_file_ref idref="fl-1d"/>
      </object_component>
      <object_component id="oc-6d">
         <name>.debug_info</name>
         <load_address>0x4972</load_address>
         <run_address>0x4972</run_address>
         <size>0x196</size>
         <input_file_ref idref="fl-1e"/>
      </object_component>
      <object_component id="oc-16d">
         <name>.debug_info</name>
         <load_address>0x4b08</load_address>
         <run_address>0x4b08</run_address>
         <size>0x16b</size>
         <input_file_ref idref="fl-1f"/>
      </object_component>
      <object_component id="oc-34">
         <name>.debug_info</name>
         <load_address>0x4c73</load_address>
         <run_address>0x4c73</run_address>
         <size>0x287</size>
         <input_file_ref idref="fl-1f"/>
      </object_component>
      <object_component id="oc-100">
         <name>.debug_info</name>
         <load_address>0x4efa</load_address>
         <run_address>0x4efa</run_address>
         <size>0x60</size>
         <input_file_ref idref="fl-1f"/>
      </object_component>
      <object_component id="oc-168">
         <name>.debug_info</name>
         <load_address>0x4f5a</load_address>
         <run_address>0x4f5a</run_address>
         <size>0x46</size>
         <input_file_ref idref="fl-1f"/>
      </object_component>
      <object_component id="oc-116">
         <name>.debug_info</name>
         <load_address>0x4fa0</load_address>
         <run_address>0x4fa0</run_address>
         <size>0x1b2</size>
         <input_file_ref idref="fl-20"/>
      </object_component>
      <object_component id="oc-3a">
         <name>.debug_info</name>
         <load_address>0x5152</load_address>
         <run_address>0x5152</run_address>
         <size>0x1df</size>
         <input_file_ref idref="fl-20"/>
      </object_component>
      <object_component id="oc-111">
         <name>.debug_info</name>
         <load_address>0x5331</load_address>
         <run_address>0x5331</run_address>
         <size>0x46</size>
         <input_file_ref idref="fl-20"/>
      </object_component>
      <object_component id="oc-175">
         <name>.debug_info</name>
         <load_address>0x5377</load_address>
         <run_address>0x5377</run_address>
         <size>0x2c</size>
         <input_file_ref idref="fl-20"/>
      </object_component>
      <object_component id="oc-12e">
         <name>.debug_info</name>
         <load_address>0x53a3</load_address>
         <run_address>0x53a3</run_address>
         <size>0x16a</size>
         <input_file_ref idref="fl-21"/>
      </object_component>
      <object_component id="oc-4c">
         <name>.debug_info</name>
         <load_address>0x550d</load_address>
         <run_address>0x550d</run_address>
         <size>0x1b5</size>
         <input_file_ref idref="fl-21"/>
      </object_component>
      <object_component id="oc-129">
         <name>.debug_info</name>
         <load_address>0x56c2</load_address>
         <run_address>0x56c2</run_address>
         <size>0x46</size>
         <input_file_ref idref="fl-21"/>
      </object_component>
      <object_component id="oc-170">
         <name>.debug_info</name>
         <load_address>0x5708</load_address>
         <run_address>0x5708</run_address>
         <size>0x2c</size>
         <input_file_ref idref="fl-21"/>
      </object_component>
      <object_component id="oc-fb">
         <name>.debug_info</name>
         <load_address>0x5734</load_address>
         <run_address>0x5734</run_address>
         <size>0x126</size>
         <input_file_ref idref="fl-22"/>
      </object_component>
      <object_component id="oc-158">
         <name>.debug_info</name>
         <load_address>0x585a</load_address>
         <run_address>0x585a</run_address>
         <size>0x117</size>
         <input_file_ref idref="fl-23"/>
      </object_component>
      <object_component id="oc-11a">
         <name>.debug_info</name>
         <load_address>0x5971</load_address>
         <run_address>0x5971</run_address>
         <size>0x107</size>
         <input_file_ref idref="fl-2f"/>
      </object_component>
      <object_component id="oc-f3">
         <name>.debug_info</name>
         <load_address>0x5a78</load_address>
         <run_address>0x5a78</run_address>
         <size>0x118</size>
         <input_file_ref idref="fl-30"/>
      </object_component>
      <object_component id="oc-f6">
         <name>.debug_info</name>
         <load_address>0x5b90</load_address>
         <run_address>0x5b90</run_address>
         <size>0x118</size>
         <input_file_ref idref="fl-31"/>
      </object_component>
      <object_component id="oc-16f">
         <name>.debug_info</name>
         <load_address>0x5ca8</load_address>
         <run_address>0x5ca8</run_address>
         <size>0x16d</size>
         <input_file_ref idref="fl-32"/>
      </object_component>
      <object_component id="oc-10b">
         <name>.debug_info</name>
         <load_address>0x5e15</load_address>
         <run_address>0x5e15</run_address>
         <size>0x191</size>
         <input_file_ref idref="fl-32"/>
      </object_component>
      <object_component id="oc-133">
         <name>.debug_info</name>
         <load_address>0x5fa6</load_address>
         <run_address>0x5fa6</run_address>
         <size>0x148</size>
         <input_file_ref idref="fl-34"/>
      </object_component>
      <object_component id="oc-19b">
         <name>.debug_info</name>
         <load_address>0x60ee</load_address>
         <run_address>0x60ee</run_address>
         <size>0x3b6</size>
         <input_file_ref idref="fl-37"/>
      </object_component>
      <object_component id="oc-137">
         <name>.debug_info</name>
         <load_address>0x64a4</load_address>
         <run_address>0x64a4</run_address>
         <size>0x1c2</size>
         <input_file_ref idref="fl-37"/>
      </object_component>
      <object_component id="oc-245">
         <name>.debug_info</name>
         <load_address>0x6666</load_address>
         <run_address>0x6666</run_address>
         <size>0x39</size>
         <input_file_ref idref="fl-37"/>
      </object_component>
      <object_component id="oc-24a">
         <name>.debug_info</name>
         <load_address>0x669f</load_address>
         <run_address>0x669f</run_address>
         <size>0xcd</size>
         <input_file_ref idref="fl-37"/>
      </object_component>
      <object_component id="oc-241">
         <name>.debug_info</name>
         <load_address>0x676c</load_address>
         <run_address>0x676c</run_address>
         <size>0x252</size>
         <input_file_ref idref="fl-38"/>
      </object_component>
      <object_component id="oc-190">
         <name>.debug_info</name>
         <load_address>0x69be</load_address>
         <run_address>0x69be</run_address>
         <size>0x1b0</size>
         <input_file_ref idref="fl-38"/>
      </object_component>
      <object_component id="oc-2c4">
         <name>.debug_info</name>
         <load_address>0x6b6e</load_address>
         <run_address>0x6b6e</run_address>
         <size>0x2c</size>
         <input_file_ref idref="fl-38"/>
      </object_component>
      <object_component id="oc-23c">
         <name>.debug_info</name>
         <load_address>0x6b9a</load_address>
         <run_address>0x6b9a</run_address>
         <size>0x119</size>
         <input_file_ref idref="fl-39"/>
      </object_component>
      <object_component id="oc-197">
         <name>.debug_info</name>
         <load_address>0x6cb3</load_address>
         <run_address>0x6cb3</run_address>
         <size>0x145</size>
         <input_file_ref idref="fl-3a"/>
      </object_component>
      <object_component id="oc-343">
         <name>.debug_info</name>
         <load_address>0x6df8</load_address>
         <run_address>0x6df8</run_address>
         <size>0x9e</size>
      </object_component>
      <object_component id="oc-23a">
         <name>.debug_line</name>
         <load_address>0x0</load_address>
         <run_address>0x0</run_address>
         <size>0xae</size>
         <input_file_ref idref="fl-2"/>
      </object_component>
      <object_component id="oc-236">
         <name>.debug_line</name>
         <load_address>0xae</load_address>
         <run_address>0xae</run_address>
         <size>0x2d</size>
         <input_file_ref idref="fl-2"/>
      </object_component>
      <object_component id="oc-2b3">
         <name>.debug_line</name>
         <load_address>0xdb</load_address>
         <run_address>0xdb</run_address>
         <size>0x2d</size>
         <input_file_ref idref="fl-2"/>
      </object_component>
      <object_component id="oc-2b5">
         <name>.debug_line</name>
         <load_address>0x108</load_address>
         <run_address>0x108</run_address>
         <size>0x2d</size>
         <input_file_ref idref="fl-2"/>
      </object_component>
      <object_component id="oc-304">
         <name>.debug_line</name>
         <load_address>0x135</load_address>
         <run_address>0x135</run_address>
         <size>0x2d</size>
         <input_file_ref idref="fl-2"/>
      </object_component>
      <object_component id="oc-1b4">
         <name>.debug_line</name>
         <load_address>0x162</load_address>
         <run_address>0x162</run_address>
         <size>0x48</size>
         <input_file_ref idref="fl-2"/>
      </object_component>
      <object_component id="oc-2af">
         <name>.debug_line</name>
         <load_address>0x1aa</load_address>
         <run_address>0x1aa</run_address>
         <size>0x40</size>
         <input_file_ref idref="fl-2"/>
      </object_component>
      <object_component id="oc-20f">
         <name>.debug_line</name>
         <load_address>0x1ea</load_address>
         <run_address>0x1ea</run_address>
         <size>0x45</size>
         <input_file_ref idref="fl-2"/>
      </object_component>
      <object_component id="oc-2ea">
         <name>.debug_line</name>
         <load_address>0x22f</load_address>
         <run_address>0x22f</run_address>
         <size>0x48</size>
         <input_file_ref idref="fl-2"/>
      </object_component>
      <object_component id="oc-274">
         <name>.debug_line</name>
         <load_address>0x277</load_address>
         <run_address>0x277</run_address>
         <size>0x47</size>
         <input_file_ref idref="fl-2"/>
      </object_component>
      <object_component id="oc-2d5">
         <name>.debug_line</name>
         <load_address>0x2be</load_address>
         <run_address>0x2be</run_address>
         <size>0x43</size>
         <input_file_ref idref="fl-2"/>
      </object_component>
      <object_component id="oc-184">
         <name>.debug_line</name>
         <load_address>0x301</load_address>
         <run_address>0x301</run_address>
         <size>0x55</size>
         <input_file_ref idref="fl-2"/>
      </object_component>
      <object_component id="oc-27f">
         <name>.debug_line</name>
         <load_address>0x356</load_address>
         <run_address>0x356</run_address>
         <size>0x46</size>
         <input_file_ref idref="fl-2"/>
      </object_component>
      <object_component id="oc-1f0">
         <name>.debug_line</name>
         <load_address>0x39c</load_address>
         <run_address>0x39c</run_address>
         <size>0x49</size>
         <input_file_ref idref="fl-2"/>
      </object_component>
      <object_component id="oc-286">
         <name>.debug_line</name>
         <load_address>0x3e5</load_address>
         <run_address>0x3e5</run_address>
         <size>0x49</size>
         <input_file_ref idref="fl-2"/>
      </object_component>
      <object_component id="oc-1ea">
         <name>.debug_line</name>
         <load_address>0x42e</load_address>
         <run_address>0x42e</run_address>
         <size>0x43</size>
         <input_file_ref idref="fl-2"/>
      </object_component>
      <object_component id="oc-1f7">
         <name>.debug_line</name>
         <load_address>0x471</load_address>
         <run_address>0x471</run_address>
         <size>0x4c</size>
         <input_file_ref idref="fl-2"/>
      </object_component>
      <object_component id="oc-1ba">
         <name>.debug_line</name>
         <load_address>0x4bd</load_address>
         <run_address>0x4bd</run_address>
         <size>0x4a</size>
         <input_file_ref idref="fl-2"/>
      </object_component>
      <object_component id="oc-2a1">
         <name>.debug_line</name>
         <load_address>0x507</load_address>
         <run_address>0x507</run_address>
         <size>0x61</size>
         <input_file_ref idref="fl-2"/>
      </object_component>
      <object_component id="oc-2be">
         <name>.debug_line</name>
         <load_address>0x568</load_address>
         <run_address>0x568</run_address>
         <size>0x61</size>
         <input_file_ref idref="fl-2"/>
      </object_component>
      <object_component id="oc-1d8">
         <name>.debug_line</name>
         <load_address>0x5c9</load_address>
         <run_address>0x5c9</run_address>
         <size>0x49</size>
         <input_file_ref idref="fl-2"/>
      </object_component>
      <object_component id="oc-1c0">
         <name>.debug_line</name>
         <load_address>0x612</load_address>
         <run_address>0x612</run_address>
         <size>0x43</size>
         <input_file_ref idref="fl-2"/>
      </object_component>
      <object_component id="oc-1d2">
         <name>.debug_line</name>
         <load_address>0x655</load_address>
         <run_address>0x655</run_address>
         <size>0x44</size>
         <input_file_ref idref="fl-2"/>
      </object_component>
      <object_component id="oc-2fe">
         <name>.debug_line</name>
         <load_address>0x699</load_address>
         <run_address>0x699</run_address>
         <size>0x45</size>
         <input_file_ref idref="fl-2"/>
      </object_component>
      <object_component id="oc-227">
         <name>.debug_line</name>
         <load_address>0x6de</load_address>
         <run_address>0x6de</run_address>
         <size>0x56</size>
         <input_file_ref idref="fl-2"/>
      </object_component>
      <object_component id="oc-1fd">
         <name>.debug_line</name>
         <load_address>0x734</load_address>
         <run_address>0x734</run_address>
         <size>0x4f</size>
         <input_file_ref idref="fl-2"/>
      </object_component>
      <object_component id="oc-2f8">
         <name>.debug_line</name>
         <load_address>0x783</load_address>
         <run_address>0x783</run_address>
         <size>0x48</size>
         <input_file_ref idref="fl-2"/>
      </object_component>
      <object_component id="oc-2e1">
         <name>.debug_line</name>
         <load_address>0x7cb</load_address>
         <run_address>0x7cb</run_address>
         <size>0x8c</size>
         <input_file_ref idref="fl-2"/>
      </object_component>
      <object_component id="oc-2db">
         <name>.debug_line</name>
         <load_address>0x857</load_address>
         <run_address>0x857</run_address>
         <size>0x6d</size>
         <input_file_ref idref="fl-2"/>
      </object_component>
      <object_component id="oc-28f">
         <name>.debug_line</name>
         <load_address>0x8c4</load_address>
         <run_address>0x8c4</run_address>
         <size>0x1ac</size>
         <input_file_ref idref="fl-2"/>
      </object_component>
      <object_component id="oc-209">
         <name>.debug_line</name>
         <load_address>0xa70</load_address>
         <run_address>0xa70</run_address>
         <size>0x66</size>
         <input_file_ref idref="fl-2"/>
      </object_component>
      <object_component id="oc-21b">
         <name>.debug_line</name>
         <load_address>0xad6</load_address>
         <run_address>0xad6</run_address>
         <size>0x67</size>
         <input_file_ref idref="fl-2"/>
      </object_component>
      <object_component id="oc-29b">
         <name>.debug_line</name>
         <load_address>0xb3d</load_address>
         <run_address>0xb3d</run_address>
         <size>0x67</size>
         <input_file_ref idref="fl-2"/>
      </object_component>
      <object_component id="oc-295">
         <name>.debug_line</name>
         <load_address>0xba4</load_address>
         <run_address>0xba4</run_address>
         <size>0xcd</size>
         <input_file_ref idref="fl-2"/>
      </object_component>
      <object_component id="oc-22d">
         <name>.debug_line</name>
         <load_address>0xc71</load_address>
         <run_address>0xc71</run_address>
         <size>0x95</size>
         <input_file_ref idref="fl-2"/>
      </object_component>
      <object_component id="oc-203">
         <name>.debug_line</name>
         <load_address>0xd06</load_address>
         <run_address>0xd06</run_address>
         <size>0x99</size>
         <input_file_ref idref="fl-2"/>
      </object_component>
      <object_component id="oc-1cc">
         <name>.debug_line</name>
         <load_address>0xd9f</load_address>
         <run_address>0xd9f</run_address>
         <size>0x45</size>
         <input_file_ref idref="fl-2"/>
      </object_component>
      <object_component id="oc-1c6">
         <name>.debug_line</name>
         <load_address>0xde4</load_address>
         <run_address>0xde4</run_address>
         <size>0x47</size>
         <input_file_ref idref="fl-2"/>
      </object_component>
      <object_component id="oc-2a7">
         <name>.debug_line</name>
         <load_address>0xe2b</load_address>
         <run_address>0xe2b</run_address>
         <size>0x94</size>
         <input_file_ref idref="fl-2"/>
      </object_component>
      <object_component id="oc-221">
         <name>.debug_line</name>
         <load_address>0xebf</load_address>
         <run_address>0xebf</run_address>
         <size>0x62</size>
         <input_file_ref idref="fl-2"/>
      </object_component>
      <object_component id="oc-1de">
         <name>.debug_line</name>
         <load_address>0xf21</load_address>
         <run_address>0xf21</run_address>
         <size>0x46</size>
         <input_file_ref idref="fl-2"/>
      </object_component>
      <object_component id="oc-1e4">
         <name>.debug_line</name>
         <load_address>0xf67</load_address>
         <run_address>0xf67</run_address>
         <size>0x4f</size>
         <input_file_ref idref="fl-2"/>
      </object_component>
      <object_component id="oc-153">
         <name>.debug_line</name>
         <load_address>0xfb6</load_address>
         <run_address>0xfb6</run_address>
         <size>0x160</size>
         <input_file_ref idref="fl-2"/>
      </object_component>
      <object_component id="oc-120">
         <name>.debug_line</name>
         <load_address>0x1116</load_address>
         <run_address>0x1116</run_address>
         <size>0x5f</size>
         <input_file_ref idref="fl-2"/>
      </object_component>
      <object_component id="oc-126">
         <name>.debug_line</name>
         <load_address>0x1175</load_address>
         <run_address>0x1175</run_address>
         <size>0x49</size>
         <input_file_ref idref="fl-2"/>
      </object_component>
      <object_component id="oc-108">
         <name>.debug_line</name>
         <load_address>0x11be</load_address>
         <run_address>0x11be</run_address>
         <size>0x20</size>
         <input_file_ref idref="fl-2"/>
      </object_component>
      <object_component id="oc-164">
         <name>.debug_line</name>
         <load_address>0x11de</load_address>
         <run_address>0x11de</run_address>
         <size>0x2a</size>
         <input_file_ref idref="fl-1d"/>
      </object_component>
      <object_component id="oc-6a">
         <name>.debug_line</name>
         <load_address>0x1208</load_address>
         <run_address>0x1208</run_address>
         <size>0x4c</size>
         <input_file_ref idref="fl-1e"/>
      </object_component>
      <object_component id="oc-232">
         <name>.debug_line</name>
         <load_address>0x1254</load_address>
         <run_address>0x1254</run_address>
         <size>0x20</size>
         <input_file_ref idref="fl-1f"/>
      </object_component>
      <object_component id="oc-38">
         <name>.debug_line</name>
         <load_address>0x1274</load_address>
         <run_address>0x1274</run_address>
         <size>0x92</size>
         <input_file_ref idref="fl-1f"/>
      </object_component>
      <object_component id="oc-103">
         <name>.debug_line</name>
         <load_address>0x1306</load_address>
         <run_address>0x1306</run_address>
         <size>0x3a</size>
         <input_file_ref idref="fl-1f"/>
      </object_component>
      <object_component id="oc-16b">
         <name>.debug_line</name>
         <load_address>0x1340</load_address>
         <run_address>0x1340</run_address>
         <size>0x8a</size>
         <input_file_ref idref="fl-1f"/>
      </object_component>
      <object_component id="oc-17b">
         <name>.debug_line</name>
         <load_address>0x13ca</load_address>
         <run_address>0x13ca</run_address>
         <size>0x8a</size>
         <input_file_ref idref="fl-20"/>
      </object_component>
      <object_component id="oc-3e">
         <name>.debug_line</name>
         <load_address>0x1454</load_address>
         <run_address>0x1454</run_address>
         <size>0x50</size>
         <input_file_ref idref="fl-20"/>
      </object_component>
      <object_component id="oc-114">
         <name>.debug_line</name>
         <load_address>0x14a4</load_address>
         <run_address>0x14a4</run_address>
         <size>0x3a</size>
         <input_file_ref idref="fl-20"/>
      </object_component>
      <object_component id="oc-178">
         <name>.debug_line</name>
         <load_address>0x14de</load_address>
         <run_address>0x14de</run_address>
         <size>0x8a</size>
         <input_file_ref idref="fl-20"/>
      </object_component>
      <object_component id="oc-18c">
         <name>.debug_line</name>
         <load_address>0x1568</load_address>
         <run_address>0x1568</run_address>
         <size>0x20</size>
         <input_file_ref idref="fl-21"/>
      </object_component>
      <object_component id="oc-50">
         <name>.debug_line</name>
         <load_address>0x1588</load_address>
         <run_address>0x1588</run_address>
         <size>0x4d</size>
         <input_file_ref idref="fl-21"/>
      </object_component>
      <object_component id="oc-12c">
         <name>.debug_line</name>
         <load_address>0x15d5</load_address>
         <run_address>0x15d5</run_address>
         <size>0x34</size>
         <input_file_ref idref="fl-21"/>
      </object_component>
      <object_component id="oc-173">
         <name>.debug_line</name>
         <load_address>0x1609</load_address>
         <run_address>0x1609</run_address>
         <size>0x8a</size>
         <input_file_ref idref="fl-21"/>
      </object_component>
      <object_component id="oc-fe">
         <name>.debug_line</name>
         <load_address>0x1693</load_address>
         <run_address>0x1693</run_address>
         <size>0x40</size>
         <input_file_ref idref="fl-22"/>
      </object_component>
      <object_component id="oc-15c">
         <name>.debug_line</name>
         <load_address>0x16d3</load_address>
         <run_address>0x16d3</run_address>
         <size>0x3d</size>
         <input_file_ref idref="fl-23"/>
      </object_component>
      <object_component id="oc-118">
         <name>.debug_line</name>
         <load_address>0x1710</load_address>
         <run_address>0x1710</run_address>
         <size>0x3d</size>
         <input_file_ref idref="fl-2f"/>
      </object_component>
      <object_component id="oc-f1">
         <name>.debug_line</name>
         <load_address>0x174d</load_address>
         <run_address>0x174d</run_address>
         <size>0x4e</size>
         <input_file_ref idref="fl-30"/>
      </object_component>
      <object_component id="oc-f9">
         <name>.debug_line</name>
         <load_address>0x179b</load_address>
         <run_address>0x179b</run_address>
         <size>0x5e</size>
         <input_file_ref idref="fl-31"/>
      </object_component>
      <object_component id="oc-234">
         <name>.debug_line</name>
         <load_address>0x17f9</load_address>
         <run_address>0x17f9</run_address>
         <size>0x20</size>
         <input_file_ref idref="fl-32"/>
      </object_component>
      <object_component id="oc-10e">
         <name>.debug_line</name>
         <load_address>0x1819</load_address>
         <run_address>0x1819</run_address>
         <size>0x45</size>
         <input_file_ref idref="fl-32"/>
      </object_component>
      <object_component id="oc-131">
         <name>.debug_line</name>
         <load_address>0x185e</load_address>
         <run_address>0x185e</run_address>
         <size>0x3e</size>
         <input_file_ref idref="fl-34"/>
      </object_component>
      <object_component id="oc-244">
         <name>.debug_line</name>
         <load_address>0x189c</load_address>
         <run_address>0x189c</run_address>
         <size>0xa9</size>
         <input_file_ref idref="fl-37"/>
      </object_component>
      <object_component id="oc-136">
         <name>.debug_line</name>
         <load_address>0x1945</load_address>
         <run_address>0x1945</run_address>
         <size>0x91</size>
         <input_file_ref idref="fl-37"/>
      </object_component>
      <object_component id="oc-248">
         <name>.debug_line</name>
         <load_address>0x19d6</load_address>
         <run_address>0x19d6</run_address>
         <size>0x2e</size>
         <input_file_ref idref="fl-37"/>
      </object_component>
      <object_component id="oc-24d">
         <name>.debug_line</name>
         <load_address>0x1a04</load_address>
         <run_address>0x1a04</run_address>
         <size>0x8b</size>
         <input_file_ref idref="fl-37"/>
      </object_component>
      <object_component id="oc-2c3">
         <name>.debug_line</name>
         <load_address>0x1a8f</load_address>
         <run_address>0x1a8f</run_address>
         <size>0x98</size>
         <input_file_ref idref="fl-38"/>
      </object_component>
      <object_component id="oc-18f">
         <name>.debug_line</name>
         <load_address>0x1b27</load_address>
         <run_address>0x1b27</run_address>
         <size>0x5f</size>
         <input_file_ref idref="fl-38"/>
      </object_component>
      <object_component id="oc-2c7">
         <name>.debug_line</name>
         <load_address>0x1b86</load_address>
         <run_address>0x1b86</run_address>
         <size>0x2e</size>
         <input_file_ref idref="fl-38"/>
      </object_component>
      <object_component id="oc-23f">
         <name>.debug_line</name>
         <load_address>0x1bb4</load_address>
         <run_address>0x1bb4</run_address>
         <size>0x42</size>
         <input_file_ref idref="fl-39"/>
      </object_component>
      <object_component id="oc-199">
         <name>.debug_line</name>
         <load_address>0x1bf6</load_address>
         <run_address>0x1bf6</run_address>
         <size>0x3a</size>
         <input_file_ref idref="fl-3a"/>
      </object_component>
      <object_component id="oc-1b5">
         <name>.debug_frame</name>
         <load_address>0x0</load_address>
         <run_address>0x0</run_address>
         <size>0x39</size>
         <input_file_ref idref="fl-2"/>
      </object_component>
      <object_component id="oc-2b0">
         <name>.debug_frame</name>
         <load_address>0x39</load_address>
         <run_address>0x39</run_address>
         <size>0x39</size>
         <input_file_ref idref="fl-2"/>
      </object_component>
      <object_component id="oc-210">
         <name>.debug_frame</name>
         <load_address>0x72</load_address>
         <run_address>0x72</run_address>
         <size>0x39</size>
         <input_file_ref idref="fl-2"/>
      </object_component>
      <object_component id="oc-2eb">
         <name>.debug_frame</name>
         <load_address>0xab</load_address>
         <run_address>0xab</run_address>
         <size>0x39</size>
         <input_file_ref idref="fl-2"/>
      </object_component>
      <object_component id="oc-275">
         <name>.debug_frame</name>
         <load_address>0xe4</load_address>
         <run_address>0xe4</run_address>
         <size>0x39</size>
         <input_file_ref idref="fl-2"/>
      </object_component>
      <object_component id="oc-2d6">
         <name>.debug_frame</name>
         <load_address>0x11d</load_address>
         <run_address>0x11d</run_address>
         <size>0x39</size>
         <input_file_ref idref="fl-2"/>
      </object_component>
      <object_component id="oc-185">
         <name>.debug_frame</name>
         <load_address>0x156</load_address>
         <run_address>0x156</run_address>
         <size>0x39</size>
         <input_file_ref idref="fl-2"/>
      </object_component>
      <object_component id="oc-280">
         <name>.debug_frame</name>
         <load_address>0x18f</load_address>
         <run_address>0x18f</run_address>
         <size>0x39</size>
         <input_file_ref idref="fl-2"/>
      </object_component>
      <object_component id="oc-1f1">
         <name>.debug_frame</name>
         <load_address>0x1c8</load_address>
         <run_address>0x1c8</run_address>
         <size>0x39</size>
         <input_file_ref idref="fl-2"/>
      </object_component>
      <object_component id="oc-287">
         <name>.debug_frame</name>
         <load_address>0x201</load_address>
         <run_address>0x201</run_address>
         <size>0x39</size>
         <input_file_ref idref="fl-2"/>
      </object_component>
      <object_component id="oc-1eb">
         <name>.debug_frame</name>
         <load_address>0x23a</load_address>
         <run_address>0x23a</run_address>
         <size>0x39</size>
         <input_file_ref idref="fl-2"/>
      </object_component>
      <object_component id="oc-1f8">
         <name>.debug_frame</name>
         <load_address>0x273</load_address>
         <run_address>0x273</run_address>
         <size>0x39</size>
         <input_file_ref idref="fl-2"/>
      </object_component>
      <object_component id="oc-1bb">
         <name>.debug_frame</name>
         <load_address>0x2ac</load_address>
         <run_address>0x2ac</run_address>
         <size>0x39</size>
         <input_file_ref idref="fl-2"/>
      </object_component>
      <object_component id="oc-2a2">
         <name>.debug_frame</name>
         <load_address>0x2e5</load_address>
         <run_address>0x2e5</run_address>
         <size>0x39</size>
         <input_file_ref idref="fl-2"/>
      </object_component>
      <object_component id="oc-2bf">
         <name>.debug_frame</name>
         <load_address>0x31e</load_address>
         <run_address>0x31e</run_address>
         <size>0x39</size>
         <input_file_ref idref="fl-2"/>
      </object_component>
      <object_component id="oc-1d9">
         <name>.debug_frame</name>
         <load_address>0x357</load_address>
         <run_address>0x357</run_address>
         <size>0x39</size>
         <input_file_ref idref="fl-2"/>
      </object_component>
      <object_component id="oc-1c1">
         <name>.debug_frame</name>
         <load_address>0x390</load_address>
         <run_address>0x390</run_address>
         <size>0x39</size>
         <input_file_ref idref="fl-2"/>
      </object_component>
      <object_component id="oc-1d3">
         <name>.debug_frame</name>
         <load_address>0x3c9</load_address>
         <run_address>0x3c9</run_address>
         <size>0x39</size>
         <input_file_ref idref="fl-2"/>
      </object_component>
      <object_component id="oc-2ff">
         <name>.debug_frame</name>
         <load_address>0x402</load_address>
         <run_address>0x402</run_address>
         <size>0x39</size>
         <input_file_ref idref="fl-2"/>
      </object_component>
      <object_component id="oc-228">
         <name>.debug_frame</name>
         <load_address>0x43b</load_address>
         <run_address>0x43b</run_address>
         <size>0x39</size>
         <input_file_ref idref="fl-2"/>
      </object_component>
      <object_component id="oc-1fe">
         <name>.debug_frame</name>
         <load_address>0x474</load_address>
         <run_address>0x474</run_address>
         <size>0x39</size>
         <input_file_ref idref="fl-2"/>
      </object_component>
      <object_component id="oc-2f9">
         <name>.debug_frame</name>
         <load_address>0x4ad</load_address>
         <run_address>0x4ad</run_address>
         <size>0x39</size>
         <input_file_ref idref="fl-2"/>
      </object_component>
      <object_component id="oc-2e2">
         <name>.debug_frame</name>
         <load_address>0x4e6</load_address>
         <run_address>0x4e6</run_address>
         <size>0x3a</size>
         <input_file_ref idref="fl-2"/>
      </object_component>
      <object_component id="oc-2dc">
         <name>.debug_frame</name>
         <load_address>0x520</load_address>
         <run_address>0x520</run_address>
         <size>0x39</size>
         <input_file_ref idref="fl-2"/>
      </object_component>
      <object_component id="oc-290">
         <name>.debug_frame</name>
         <load_address>0x559</load_address>
         <run_address>0x559</run_address>
         <size>0x3a</size>
         <input_file_ref idref="fl-2"/>
      </object_component>
      <object_component id="oc-20a">
         <name>.debug_frame</name>
         <load_address>0x593</load_address>
         <run_address>0x593</run_address>
         <size>0x39</size>
         <input_file_ref idref="fl-2"/>
      </object_component>
      <object_component id="oc-21c">
         <name>.debug_frame</name>
         <load_address>0x5cc</load_address>
         <run_address>0x5cc</run_address>
         <size>0x39</size>
         <input_file_ref idref="fl-2"/>
      </object_component>
      <object_component id="oc-29c">
         <name>.debug_frame</name>
         <load_address>0x605</load_address>
         <run_address>0x605</run_address>
         <size>0x39</size>
         <input_file_ref idref="fl-2"/>
      </object_component>
      <object_component id="oc-296">
         <name>.debug_frame</name>
         <load_address>0x63e</load_address>
         <run_address>0x63e</run_address>
         <size>0x3a</size>
         <input_file_ref idref="fl-2"/>
      </object_component>
      <object_component id="oc-22e">
         <name>.debug_frame</name>
         <load_address>0x678</load_address>
         <run_address>0x678</run_address>
         <size>0x3a</size>
         <input_file_ref idref="fl-2"/>
      </object_component>
      <object_component id="oc-204">
         <name>.debug_frame</name>
         <load_address>0x6b2</load_address>
         <run_address>0x6b2</run_address>
         <size>0x3a</size>
         <input_file_ref idref="fl-2"/>
      </object_component>
      <object_component id="oc-1cd">
         <name>.debug_frame</name>
         <load_address>0x6ec</load_address>
         <run_address>0x6ec</run_address>
         <size>0x39</size>
         <input_file_ref idref="fl-2"/>
      </object_component>
      <object_component id="oc-1c7">
         <name>.debug_frame</name>
         <load_address>0x725</load_address>
         <run_address>0x725</run_address>
         <size>0x39</size>
         <input_file_ref idref="fl-2"/>
      </object_component>
      <object_component id="oc-2a8">
         <name>.debug_frame</name>
         <load_address>0x75e</load_address>
         <run_address>0x75e</run_address>
         <size>0x3a</size>
         <input_file_ref idref="fl-2"/>
      </object_component>
      <object_component id="oc-222">
         <name>.debug_frame</name>
         <load_address>0x798</load_address>
         <run_address>0x798</run_address>
         <size>0x39</size>
         <input_file_ref idref="fl-2"/>
      </object_component>
      <object_component id="oc-1df">
         <name>.debug_frame</name>
         <load_address>0x7d1</load_address>
         <run_address>0x7d1</run_address>
         <size>0x39</size>
         <input_file_ref idref="fl-2"/>
      </object_component>
      <object_component id="oc-1e5">
         <name>.debug_frame</name>
         <load_address>0x80a</load_address>
         <run_address>0x80a</run_address>
         <size>0x39</size>
         <input_file_ref idref="fl-2"/>
      </object_component>
      <object_component id="oc-154">
         <name>.debug_frame</name>
         <load_address>0x843</load_address>
         <run_address>0x843</run_address>
         <size>0x3a</size>
         <input_file_ref idref="fl-2"/>
      </object_component>
      <object_component id="oc-121">
         <name>.debug_frame</name>
         <load_address>0x87d</load_address>
         <run_address>0x87d</run_address>
         <size>0x61</size>
         <input_file_ref idref="fl-2"/>
      </object_component>
      <object_component id="oc-127">
         <name>.debug_frame</name>
         <load_address>0x8de</load_address>
         <run_address>0x8de</run_address>
         <size>0x39</size>
         <input_file_ref idref="fl-2"/>
      </object_component>
      <object_component id="oc-6c">
         <name>.debug_frame</name>
         <load_address>0x917</load_address>
         <run_address>0x917</run_address>
         <size>0x34</size>
         <input_file_ref idref="fl-1e"/>
      </object_component>
      <object_component id="oc-37">
         <name>.debug_frame</name>
         <load_address>0x94b</load_address>
         <run_address>0x94b</run_address>
         <size>0x48</size>
         <input_file_ref idref="fl-1f"/>
      </object_component>
      <object_component id="oc-3d">
         <name>.debug_frame</name>
         <load_address>0x993</load_address>
         <run_address>0x993</run_address>
         <size>0x39</size>
         <input_file_ref idref="fl-20"/>
      </object_component>
      <object_component id="oc-4f">
         <name>.debug_frame</name>
         <load_address>0x9cc</load_address>
         <run_address>0x9cc</run_address>
         <size>0x39</size>
         <input_file_ref idref="fl-21"/>
      </object_component>
      <object_component id="oc-15b">
         <name>.debug_frame</name>
         <load_address>0xa05</load_address>
         <run_address>0xa05</run_address>
         <size>0x39</size>
         <input_file_ref idref="fl-23"/>
      </object_component>
      <object_component id="oc-10f">
         <name>.debug_frame</name>
         <load_address>0xa3e</load_address>
         <run_address>0xa3e</run_address>
         <size>0x39</size>
         <input_file_ref idref="fl-32"/>
      </object_component>
      <object_component id="oc-130">
         <name>.debug_frame</name>
         <load_address>0xa77</load_address>
         <run_address>0xa77</run_address>
         <size>0x39</size>
         <input_file_ref idref="fl-34"/>
      </object_component>
      <object_component id="oc-13a">
         <name>.debug_frame</name>
         <load_address>0xab0</load_address>
         <run_address>0xab0</run_address>
         <size>0x43</size>
         <input_file_ref idref="fl-37"/>
      </object_component>
      <object_component id="oc-193">
         <name>.debug_frame</name>
         <load_address>0xaf3</load_address>
         <run_address>0xaf3</run_address>
         <size>0x43</size>
         <input_file_ref idref="fl-38"/>
[...]
      </symbol>
      <symbol id="sm-290">
         <name>__TI_int02</name>
         <value>0xffe4</value>
         <object_component_ref idref="oc-40"/>
      </symbol>
      <symbol id="sm-291">
         <name>row</name>
         <value>0x222</value>
         <object_component_ref idref="oc-17d"/>
      </symbol>
      <symbol id="sm-292">
         <name>port1</name>
         <value>0xcd0e</value>
         <object_component_ref idref="oc-11c"/>
      </symbol>
      <symbol id="sm-293">
         <name>key_cmd</name>
         <value>0xce3a</value>
         <object_component_ref idref="oc-2d7"/>
      </symbol>
      <symbol id="sm-294">
         <name>pin_index</name>
         <value>0x226</value>
         <object_component_ref idref="oc-17d"/>
      </symbol>
      <symbol id="sm-295">
         <name>locked</name>
         <value>0x21e</value>
         <object_component_ref idref="oc-17d"/>
      </symbol>
      <symbol id="sm-296">
         <name>reset</name>
         <value>0x216</value>
         <object_component_ref idref="oc-17d"/>
      </symbol>
      <symbol id="sm-297">
         <name>data_write</name>
         <value>0xd202</value>
         <object_component_ref idref="oc-27b"/>
      </symbol>
      <symbol id="sm-298">
         <name>unlock_door</name>
         <value>0xc65c</value>
         <object_component_ref idref="oc-1ff"/>
      </symbol>
      <symbol id="sm-299">
         <name>change_pwd</name>
         <value>0xc4a0</value>
         <object_component_ref idref="oc-291"/>
      </symbol>
      <symbol id="sm-29a">
         <name>j</name>
         <value>0x200</value>
         <object_component_ref idref="oc-17d"/>
      </symbol>
      <symbol id="sm-29b">
         <name>f</name>
         <value>0x21c</value>
         <object_component_ref idref="oc-17d"/>
      </symbol>
      <symbol id="sm-29c">
         <name>key</name>
         <value>0x224</value>
         <object_component_ref idref="oc-17d"/>
      </symbol>
      <symbol id="sm-29d">
         <name>lock_door</name>
         <value>0xc764</value>
         <object_component_ref idref="oc-229"/>
      </symbol>
      <symbol id="sm-29e">
         <name>pwd_set</name>
         <value>0xd1a2</value>
         <object_component_ref idref="oc-1da"/>
      </symbol>
      <symbol id="sm-29f">
         <name>confirmsix</name>
         <value>0x20a</value>
         <object_component_ref idref="oc-17d"/>
      </symbol>
      <symbol id="sm-2a0">
         <name>unlock</name>
         <value>0xcad4</value>
         <object_component_ref idref="oc-29d"/>
      </symbol>
      <symbol id="sm-2a1">
         <name>detect_key</name>
         <value>0xc000</value>
         <object_component_ref idref="oc-28b"/>
      </symbol>
      <symbol id="sm-2a2">
         <name>beep</name>
         <value>0xd1ee</value>
         <object_component_ref idref="oc-2fa"/>
      </symbol>
      <symbol id="sm-2a3">
         <name>print_key</name>
         <value>0xc91c</value>
         <object_component_ref idref="oc-2dd"/>
      </symbol>
      <symbol id="sm-2a4">
         <name>main</name>
         <value>0xc292</value>
         <object_component_ref idref="oc-14f"/>
      </symbol>
      <symbol id="sm-2a5">
         <name>confirm_pin</name>
         <value>0xcc36</value>
         <object_component_ref idref="oc-217"/>
      </symbol>
      <symbol id="sm-2a6">
         <name>delay</name>
         <value>0xd072</value>
         <object_component_ref idref="oc-180"/>
      </symbol>
      <symbol id="sm-2a7">
         <name>apin</name>
         <value>0x22a</value>
         <object_component_ref idref="oc-2ed"/>
      </symbol>
      <symbol id="sm-2a8">
         <name>changepwd</name>
         <value>0x20e</value>
         <object_component_ref idref="oc-17d"/>
      </symbol>
      <symbol id="sm-2a9">
         <name>wrong_tone</name>
         <value>0xd010</value>
         <object_component_ref idref="oc-1f9"/>
      </symbol>
      <symbol id="sm-2aa">
         <name>matrix</name>
         <value>0x204</value>
         <object_component_ref idref="oc-17d"/>
      </symbol>
      <symbol id="sm-2ab">
         <name>password</name>
         <value>0xcca2</value>
         <object_component_ref idref="oc-297"/>
      </symbol>
      <symbol id="sm-2ac">
         <name>right_tone</name>
         <value>0xcf22</value>
         <object_component_ref idref="oc-223"/>
      </symbol>
      <symbol id="sm-2ad">
         <name>send_data</name>
         <value>0xd1d8</value>
         <object_component_ref idref="oc-20b"/>
      </symbol>
      <symbol id="sm-2ae">
         <name>i2c_stop_chk</name>
         <value>0xd2b8</value>
         <object_component_ref idref="oc-2d1"/>
      </symbol>
      <symbol id="sm-2af">
         <name>i2c_init</name>
         <value>0xd042</value>
         <object_component_ref idref="oc-1b0"/>
      </symbol>
      <symbol id="sm-2b0">
         <name>pin_enter</name>
         <value>0xcd7a</value>
         <object_component_ref idref="oc-205"/>
      </symbol>
      <symbol id="sm-2b1">
         <name>pin_s_i</name>
         <value>0x228</value>
         <object_component_ref idref="oc-17d"/>
      </symbol>
      <symbol id="sm-2b2">
         <name>lcd_serial</name>
         <value>0xd2c8</value>
         <object_component_ref idref="oc-1e6"/>
      </symbol>
      <symbol id="sm-2b3">
         <name>USCIAB0TX_ISR</name>
         <value>0xd16a</value>
         <object_component_ref idref="oc-122"/>
      </symbol>
      <symbol id="sm-2b4">
         <name>pass</name>
         <value>0x210</value>
         <object_component_ref idref="oc-17d"/>
      </symbol>
      <symbol id="sm-2b5">
         <name>enter</name>
         <value>0x220</value>
         <object_component_ref idref="oc-17d"/>
      </symbol>
      <symbol id="sm-2b6">
         <name>lcd_data</name>
         <value>0xcedc</value>
         <object_component_ref idref="oc-282"/>
      </symbol>
      <symbol id="sm-2b7">
         <name>lcd_cmd</name>
         <value>0xcf64</value>
         <object_component_ref idref="oc-1ec"/>
      </symbol>
      <symbol id="sm-2b8">
         <name>unlockdoor</name>
         <value>0x214</value>
         <object_component_ref idref="oc-17d"/>
      </symbol>
      <symbol id="sm-2b9">
         <name>send_datama</name>
         <value>0xd120</value>
         <object_component_ref idref="oc-270"/>
      </symbol>
      <symbol id="sm-2ba">
         <name>lcd_init</name>
         <value>0xcfa2</value>
         <object_component_ref idref="oc-1b6"/>
      </symbol>
      <symbol id="sm-2bb">
         <name>dc</name>
         <value>0x206</value>
         <object_component_ref idref="oc-17d"/>
      </symbol>
      <symbol id="sm-2bc">
         <name>keypad</name>
         <value>0xd0a0</value>
         <object_component_ref idref="oc-1d4"/>
      </symbol>
      <symbol id="sm-2bd">
         <name>apass</name>
         <value>0x21a</value>
         <object_component_ref idref="oc-17d"/>
      </symbol>
      <symbol id="sm-2be">
         <name>epin</name>
         <value>0x230</value>
         <object_component_ref idref="oc-214"/>
      </symbol>
      <symbol id="sm-2bf">
         <name>buzzer_init</name>
         <value>0xd29a</value>
         <object_component_ref idref="oc-1ce"/>
      </symbol>
      <symbol id="sm-2c0">
         <name>data</name>
         <value>0x202</value>
         <object_component_ref idref="oc-17d"/>
      </symbol>
      <symbol id="sm-2c1">
         <name>read_flash</name>
         <value>0xcfde</value>
         <object_component_ref idref="oc-1e0"/>
      </symbol>
      <symbol id="sm-2c2">
         <name>senddata</name>
         <value>0x205</value>
         <object_component_ref idref="oc-17d"/>
      </symbol>
      <symbol id="sm-2c3">
         <name>pin</name>
         <value>0x236</value>
         <object_component_ref idref="oc-211"/>
      </symbol>
      <symbol id="sm-2c4">
         <name>flash_init</name>
         <value>0xd23e</value>
         <object_component_ref idref="oc-1c2"/>
      </symbol>
      <symbol id="sm-2c5">
         <name>dowc</name>
         <value>0x208</value>
         <object_component_ref idref="oc-17d"/>
      </symbol>
      <symbol id="sm-2c6">
         <name>lcd_string</name>
         <value>0xd186</value>
         <object_component_ref idref="oc-1f3"/>
      </symbol>
      <symbol id="sm-2c7">
         <name>backspace</name>
         <value>0xd0f8</value>
         <object_component_ref idref="oc-2f4"/>
      </symbol>
      <symbol id="sm-2c8">
         <name>send_datam</name>
         <value>0xd148</value>
         <object_component_ref idref="oc-2e6"/>
      </symbol>
      <symbol id="sm-2c9">
         <name>erase_flash</name>
         <value>0xc846</value>
         <object_component_ref idref="oc-2a3"/>
      </symbol>
      <symbol id="sm-2ca">
         <name>lock</name>
         <value>0xca5a</value>
         <object_component_ref idref="oc-2ba"/>
      </symbol>
      <symbol id="sm-2cb">
         <name>write_flash</name>
         <value>0xcb4e</value>
         <object_component_ref idref="oc-21d"/>
      </symbol>
      <symbol id="sm-2d3">
         <name>_stack</name>
         <value>0x3b0</value>
         <object_component_ref idref="oc-ec"/>
      </symbol>
      <symbol id="sm-2d4">
         <name>_reset_vector</name>
         <value>0xfffe</value>
         <object_component_ref idref="oc-ef"/>
      </symbol>
      <symbol id="sm-2de">
         <name>_c_int00_noargs_noexit</name>
         <value>0xd1be</value>
         <object_component_ref idref="oc-69"/>
      </symbol>
      <symbol id="sm-2fc">
         <name>__TI_decompress_lzss</name>
         <value>0xc9de</value>
         <object_component_ref idref="oc-33"/>
      </symbol>
      <symbol id="sm-312">
         <name>__TI_decompress_none</name>
         <value>0xd266</value>
         <object_component_ref idref="oc-39"/>
      </symbol>
      <symbol id="sm-32a">
         <name>__TI_zero_init</name>
         <value>0xd216</value>
         <object_component_ref idref="oc-4b"/>
      </symbol>
      <symbol id="sm-333">
         <name>__mspabi_func_epilog_2</name>
         <value>0xd294</value>
         <object_component_ref idref="oc-fa"/>
      </symbol>
      <symbol id="sm-334">
         <name>__mspabi_func_epilog_3</name>
         <value>0xd292</value>
         <object_component_ref idref="oc-fa"/>
      </symbol>
      <symbol id="sm-335">
         <name>__mspabi_func_epilog_1</name>
         <value>0xd296</value>
         <object_component_ref idref="oc-fa"/>
      </symbol>
      <symbol id="sm-336">
         <name>__mspabi_func_epilog_6</name>
         <value>0xd28c</value>
         <object_component_ref idref="oc-fa"/>
      </symbol>
      <symbol id="sm-337">
         <name>__mspabi_func_epilog_7</name>
         <value>0xd28a</value>
         <object_component_ref idref="oc-fa"/>
      </symbol>
      <symbol id="sm-338">
         <name>__mspabi_func_epilog_4</name>
         <value>0xd290</value>
         <object_component_ref idref="oc-fa"/>
      </symbol>
      <symbol id="sm-339">
         <name>__mspabi_func_epilog_5</name>
         <value>0xd28e</value>
         <object_component_ref idref="oc-fa"/>
      </symbol>
      <symbol id="sm-343">
         <name>C$$EXIT</name>
         <value>0xd2d0</value>
         <object_component_ref idref="oc-157"/>
      </symbol>
      <symbol id="sm-344">
         <name>abort</name>
         <value>0xd2d0</value>
         <object_component_ref idref="oc-157"/>
      </symbol>
      <symbol id="sm-348">
         <name>__TI_int00</name>
         <value>0xffe0</value>
         <object_component_ref idref="oc-3f"/>
      </symbol>
      <symbol id="sm-34b">
         <name>__TI_int03</name>
         <value>0xffe6</value>
         <object_component_ref idref="oc-41"/>
      </symbol>
      <symbol id="sm-34e">
         <name>__TI_int05</name>
         <value>0xffea</value>
         <object_component_ref idref="oc-42"/>
      </symbol>
      <symbol id="sm-351">
         <name>__TI_int07</name>
         <value>0xffee</value>
         <object_component_ref idref="oc-44"/>
      </symbol>
      <symbol id="sm-354">
         <name>__TI_int08</name>
         <value>0xfff0</value>
         <object_component_ref idref="oc-45"/>
      </symbol>
      <symbol id="sm-357">
         <name>__TI_int09</name>
         <value>0xfff2</value>
         <object_component_ref idref="oc-46"/>
      </symbol>
      <symbol id="sm-35a">
         <name>__TI_int10</name>
         <value>0xfff4</value>
         <object_component_ref idref="oc-47"/>
      </symbol>
      <symbol id="sm-35d">
         <name>__TI_int12</name>
         <value>0xfff8</value>
         <object_component_ref idref="oc-48"/>
      </symbol>
      <symbol id="sm-360">
         <name>__TI_int13</name>
         <value>0xfffa</value>
         <object_component_ref idref="oc-49"/>
      </symbol>
      <symbol id="sm-363">
         <name>__TI_int14</name>
         <value>0xfffc</value>
         <object_component_ref idref="oc-4a"/>
      </symbol>
      <symbol id="sm-36b">
         <name>__TI_ISR_TRAP</name>
         <value>0xd2a8</value>
         <object_component_ref idref="oc-117"/>
      </symbol>
      <symbol id="sm-373">
         <name>__mspabi_slli</name>
         <value>0xd0cc</value>
         <object_component_ref idref="oc-f0"/>
      </symbol>
      <symbol id="sm-374">
         <name>__mspabi_slli_9</name>
         <value>0xd0e4</value>
         <object_component_ref idref="oc-f0"/>
      </symbol>
      <symbol id="sm-375">
         <name>__mspabi_slli_8</name>
         <value>0xd0e6</value>
         <object_component_ref idref="oc-f0"/>
      </symbol>
      <symbol id="sm-376">
         <name>__mspabi_slli_7</name>
         <value>0xd0e8</value>
         <object_component_ref idref="oc-f0"/>
      </symbol>
      <symbol id="sm-377">
         <name>__mspabi_slli_6</name>
         <value>0xd0ea</value>
         <object_component_ref idref="oc-f0"/>
      </symbol>
      <symbol id="sm-378">
         <name>__mspabi_slli_5</name>
         <value>0xd0ec</value>
         <object_component_ref idref="oc-f0"/>
      </symbol>
      <symbol id="sm-379">
         <name>__mspabi_slli_4</name>
         <value>0xd0ee</value>
         <object_component_ref idref="oc-f0"/>
      </symbol>
      <symbol id="sm-37a">
         <name>__mspabi_slli_3</name>
         <value>0xd0f0</value>
         <object_component_ref idref="oc-f0"/>
      </symbol>
      <symbol id="sm-37b">
         <name>__mspabi_slli_2</name>
         <value>0xd0f2</value>
         <object_component_ref idref="oc-f0"/>
      </symbol>
      <symbol id="sm-37c">
         <name>__mspabi_slli_1</name>
         <value>0xd0f4</value>
         <object_component_ref idref="oc-f0"/>
      </symbol>
      <symbol id="sm-37d">
         <name>__mspabi_slli_15</name>
         <value>0xd0d8</value>
         <object_component_ref idref="oc-f0"/>
      </symbol>
      <symbol id="sm-37e">
         <name>__mspabi_slli_14</name>
         <value>0xd0da</value>
         <object_component_ref idref="oc-f0"/>
      </symbol>
      <symbol id="sm-37f">
         <name>__mspabi_slli_13</name>
         <value>0xd0dc</value>
         <object_component_ref idref="oc-f0"/>
      </symbol>
      <symbol id="sm-380">
         <name>__mspabi_slli_12</name>
         <value>0xd0de</value>
         <object_component_ref idref="oc-f0"/>
      </symbol>
      <symbol id="sm-381">
         <name>__mspabi_slli_11</name>
         <value>0xd0e0</value>
         <object_component_ref idref="oc-f0"/>
      </symbol>
      <symbol id="sm-382">
         <name>__mspabi_slli_10</name>
         <value>0xd0e2</value>
         <object_component_ref idref="oc-f0"/>
      </symbol>
      <symbol id="sm-38a">
         <name>__mspabi_srli_8</name>
         <value>0xceba</value>
         <object_component_ref idref="oc-f5"/>
      </symbol>
      <symbol id="sm-38b">
         <name>__mspabi_srli_9</name>
         <value>0xceb6</value>
         <object_component_ref idref="oc-f5"/>
      </symbol>
      <symbol id="sm-38c">
         <name>__mspabi_srli_6</name>
         <value>0xcec2</value>
         <object_component_ref idref="oc-f5"/>
      </symbol>
      <symbol id="sm-38d">
         <name>__mspabi_srli_7</name>
         <value>0xcebe</value>
         <object_component_ref idref="oc-f5"/>
      </symbol>
      <symbol id="sm-38e">
         <name>__mspabi_srli_4</name>
         <value>0xceca</value>
         <object_component_ref idref="oc-f5"/>
      </symbol>
      <symbol id="sm-38f">
         <name>__mspabi_srli_5</name>
         <value>0xcec6</value>
         <object_component_ref idref="oc-f5"/>
      </symbol>
      <symbol id="sm-390">
         <name>__mspabi_srli_2</name>
         <value>0xced2</value>
         <object_component_ref idref="oc-f5"/>
      </symbol>
      <symbol id="sm-391">
         <name>__mspabi_srli_3</name>
         <value>0xcece</value>
         <object_component_ref idref="oc-f5"/>
      </symbol>
      <symbol id="sm-392">
         <name>__mspabi_srli_1</name>
         <value>0xced6</value>
         <object_component_ref idref="oc-f5"/>
      </symbol>
      <symbol id="sm-393">
         <name>__mspabi_srli</name>
         <value>0xce90</value>
         <object_component_ref idref="oc-f5"/>
      </symbol>
      <symbol id="sm-394">
         <name>__mspabi_srli_15</name>
         <value>0xce9e</value>
         <object_component_ref idref="oc-f5"/>
      </symbol>
      <symbol id="sm-395">
         <name>__mspabi_srli_14</name>
         <value>0xcea2</value>
         <object_component_ref idref="oc-f5"/>
      </symbol>
      <symbol id="sm-396">
         <name>__mspabi_srli_13</name>
         <value>0xcea6</value>
         <object_component_ref idref="oc-f5"/>
      </symbol>
      <symbol id="sm-397">
         <name>__mspabi_srli_12</name>
         <value>0xceaa</value>
         <object_component_ref idref="oc-f5"/>
      </symbol>
      <symbol id="sm-398">
         <name>__mspabi_srli_11</name>
         <value>0xceae</value>
         <object_component_ref idref="oc-f5"/>
      </symbol>
      <symbol id="sm-399">
         <name>__mspabi_srli_10</name>
         <value>0xceb2</value>
         <object_component_ref idref="oc-f5"/>
      </symbol>
      <symbol id="sm-3a7">
         <name>memcpy</name>
         <value>0xd278</value>
         <object_component_ref idref="oc-10a"/>
      </symbol>
      <symbol id="sm-3b1">
         <name>_system_pre_init</name>
         <value>0xd2d6</value>
         <object_component_ref idref="oc-12f"/>
      </symbol>
      <symbol id="sm-3cf">
         <name>_auto_init</name>
         <value>0xcbc8</value>
         <object_component_ref idref="oc-135"/>
      </symbol>
      <symbol id="sm-3e5">
         <name>copy_in</name>
         <value>0xcde0</value>
         <object_component_ref idref="oc-18e"/>
      </symbol>
      <symbol id="sm-3ef">
         <name>__mspabi_mpyi_sw</name>
         <value>0xd252</value>
         <object_component_ref idref="oc-23b"/>
      </symbol>
      <symbol id="sm-3f0">
         <name>__mspabi_mpyi</name>
         <value>0xd252</value>
         <object_component_ref idref="oc-23b"/>
      </symbol>
      <symbol id="sm-3f9">
         <name>_system_post_cinit</name>
         <value>0xd2da</value>
         <object_component_ref idref="oc-194"/>
      </symbol>
      <symbol id="sm-3fc">
         <name>__TI_BINIT_Base</name>
         <value>0x0</value>
      </symbol>
      <symbol id="sm-3fd">
         <name>__TI_BINIT_Limit</name>
         <value>0x0</value>
      </symbol>
      <symbol id="sm-3fe">
         <name>__TI_INITARRAY_Base</name>
         <value>0x0</value>
      </symbol>
      <symbol id="sm-3ff">
         <name>__TI_INITARRAY_Limit</name>
         <value>0x0</value>
      </symbol>
   </symbol_table>
   <title>Link successful</title>
</link_info>
